15
00
f0
ed
e8
de
df
e7
d1
d5
d9
da
d8
d5
d4
d4
cc
ce
d0
cd
c9
c5
c4
c4
ce
bf
b9
d3
be
b9
d0
ac
cb
c0
cd
c7
b2
d0
e3
bc
b7
b8
c8
df
e2
cd
b9
b3
bf
c1
be
b8
ba
c3
c6
c1
c8
c1
b1
c4
cd
c1
c9
c4
c7
c9
cb
c8
c5
c8
d2
db
cc
d0
d4
d7
d6
d3
ce
cb
d6
d3
d3
d9
e2
e6
e2
dd
e9
e3
df
e2
ea
ee
ec
e8
13
02
f4
f2
ee
e4
e4
ea
db
dd
de
dc
d8
d4
d2
d2
ce
cf
d0
cd
ca
c7
c5
c5
b4
f5
c4
b0
c4
c2
c6
e4
fe
d3
c3
c6
b8
b1
c0
cc
c5
bb
bb
c5
c8
c1
bc
c0
ba
c1
c3
c0
c1
c9
cb
c6
c9
cf
d7
c4
b0
b0
bf
d9
d4
d3
d2
cd
c9
c7
ca
cd
cc
cc
ce
d1
d2
d5
d6
d7
da
d9
d9
dd
e3
e6
e6
e5
f1
ee
eb
eb
ee
f0
ef
ee
0f
03
f9
f7
f4
ed
e9
eb
e5
e4
e1
dd
d8
d4
d2
d0
d2
d1
d0
ce
cc
c9
c8
c7
db
76
eb
9e
f8
c4
5f
bc
dc
d0
c3
cd
d7
c2
b7
ce
d2
c6
c0
c3
c6
c5
c7
cd
ba
c4
c9
c5
c4
c9
c9
c4
be
ab
c6
be
db
02
cf
bd
da
d7
d4
d3
d3
d0
cb
c7
de
dc
da
d9
db
e0
e5
e9
de
e0
e3
e4
e4
e7
ec
f1
f5
f6
f6
f3
f0
ef
f2
f5
0a
03
fc
fa
f7
f2
ec
e9
e7
e4
df
dc
d9
d7
d4
d1
d7
d4
d0
ce
ce
cd
cb
c8
cb
e2
e3
d9
bb
aa
cc
bc
ac
d7
cc
bc
db
df
c6
c6
ca
c8
cb
d1
d4
d0
c9
c5
c2
c9
cb
c5
c3
c7
c7
c2
e1
b7
d9
d2
12
57
fb
cd
d5
d2
d2
d8
df
df
d9
d1
ed
eb
e8
e4
e4
e5
e7
ea
e2
e7
eb
ea
e7
e9
f1
fa
f3
f7
fb
f8
f2
f1
f7
fe
07
04
fe
f9
f7
f4
ed
e5
e3
df
db
db
de
dd
d9
d4
dd
d6
d0
ce
d0
d1
ce
cb
d2
b6
81
bd
d0
d4
c9
c2
c9
e7
cb
ab
c5
d0
c2
cb
c0
c4
ca
cf
d3
d0
c5
bb
c9
cc
ca
c7
cb
d5
d6
cf
c7
b8
e1
b0
b6
ed
c2
cc
d3
d2
d5
de
e7
e9
e3
db
e4
e4
e5
e5
e5
e5
e5
e5
e6
ec
f1
f1
ee
ef
f6
fe
f7
fd
01
00
fe
ff
06
0d
09
09
02
f8
f5
f6
ef
e4
e0
dc
db
e0
e6
e7
df
d7
e2
d8
d0
ce
d2
d4
d1
cd
e9
c5
d9
2e
da
ba
cb
ba
d6
cb
bf
ca
d7
c5
bd
d5
cc
cf
cd
c9
cd
d2
d0
c7
cc
cc
ca
ce
dd
ed
e9
dc
cf
d9
02
d9
c3
d9
cc
e7
db
dd
e0
e5
e9
e9
e4
df
de
e1
e5
ea
ef
f2
f4
f5
ed
f2
f7
fa
fb
fb
fe
00
06
08
0b
0d
0f
12
18
1c
10
10
08
f9
f5
f8
f3
e6
e3
e0
e1
e9
f1
f0
e4
d9
e5
da
d0
ce
d4
d7
d3
ce
c9
db
ea
ab
87
da
d7
df
c6
b2
c2
e2
e1
d5
d7
d7
d3
d7
d4
cc
d0
d9
d8
cf
ce
cb
c9
d4
eb
f7
e6
cd
c3
c6
d6
dd
e0
e2
d5
d3
e0
e4
e9
ea
e8
e6
e6
e7
e9
e9
eb
ee
f4
fc
03
07
f7
f9
fe
05
0b
0b
07
02
15
13
12
14
19
1e
1f
1f
16
17
0c
fb
f6
fb
f6
e9
e9
e6
e8
f1
f8
f6
e7
d9
e8
db
d0
ce
d5
d9
d5
cf
e0
f6
b8
c7
db
ca
bb
d5
d7
c9
d3
cb
b9
de
f8
d7
c5
cf
d3
cf
d2
d8
d0
c0
d0
ca
c9
d6
ef
f3
d5
b0
da
d5
c6
d5
da
d1
e2
e5
de
e5
eb
ec
e7
e7
eb
f0
f1
ed
e9
e7
eb
f5
ff
06
fe
ff
03
0d
16
16
0d
04
1c
16
12
14
1b
1f
1e
19
1e
11
03
fe
ff
fd
f5
ec
e6
e6
e4
e4
e4
e3
e2
e2
d1
e7
dc
c6
e6
cf
c3
d7
da
d7
dd
bf
e3
c1
c8
cb
cf
d2
d0
68
e6
f4
ac
d6
cb
ec
38
e9
d3
cb
c4
cc
da
d8
d4
d2
d3
d7
dc
df
f9
eb
e4
e4
de
d7
e0
f0
dc
e5
f1
fb
fe
fa
f3
ed
f0
ea
ef
ff
05
01
03
0d
0f
16
05
1b
05
1c
0d
17
13
18
23
2b
1f
0e
12
22
1c
12
07
01
ff
fd
f7
f0
e9
e8
e6
e5
e4
e2
e1
e0
e7
e0
e3
d4
28
04
eb
d0
c7
d5
ca
cf
d2
ce
c4
d9
e7
b1
f9
de
33
da
f6
c1
cb
d0
02
e1
d7
d7
cc
e2
d3
d3
d3
d5
d8
db
df
e1
ee
e5
e1
e4
e1
dc
e5
f4
fb
f4
ec
e7
e8
ec
f0
f1
f8
f2
f5
01
04
ff
00
09
10
13
0c
15
0d
18
13
18
1b
1c
23
2a
23
16
19
25
1d
18
0f
06
ff
fb
f7
f5
ed
ec
ea
e7
e5
e2
e0
df
e3
f7
b4
0b
fa
3a
d7
d4
de
f0
ce
e5
cc
dd
c4
e9
d5
da
c3
ca
ea
02
e1
c5
e2
cc
d4
dd
d2
da
c3
df
d0
d2
d7
db
dd
de
dd
dd
e2
de
e0
e4
e5
e3
eb
f6
21
12
02
fa
fd
05
0b
0d
06
01
02
08
09
04
05
0a
0a
08
12
0d
1d
1b
27
27
24
20
20
25
25
1f
20
25
24
20
19
0d
00
f8
f6
f7
f3
f1
ef
eb
e7
e3
e1
e0
e8
e4
d9
dd
ec
ed
dd
d5
da
dc
be
ce
c9
ce
bc
da
d0
e7
de
ae
e0
d7
d6
d3
e4
d7
c3
dc
cb
e0
c5
d5
d3
d7
dd
e1
e2
e0
db
d9
dc
de
e3
e6
e7
e8
ed
f4
00
f9
f5
f8
00
06
04
ff
06
04
04
05
06
05
06
09
01
fc
14
0a
2e
26
41
3d
2a
23
1f
22
27
28
27
26
2c
28
20
12
03
fa
f6
f6
f9
f7
f5
f0
ec
e8
e5
e3
f3
df
f4
d0
e8
cb
e9
da
d7
cc
d3
d8
04
e3
db
e0
e2
e5
f9
b3
fc
bd
dc
e6
ca
dd
c6
db
cb
ea
df
da
d4
d8
de
e3
e6
e6
e4
e3
dd
e4
e9
e9
e9
ec
ef
f1
ee
ed
ef
f7
00
04
00
fb
fb
fc
fc
fa
fc
01
04
04
03
ff
18
0f
35
2e
4a
47
32
2d
27
28
30
36
33
2d
31
2a
20
14
09
01
fc
f9
ff
fd
fa
f6
f2
ee
eb
ea
f2
e1
e1
f1
e1
ee
e9
d5
ec
df
f9
fa
2f
f3
e5
df
e4
ef
bf
f8
d2
f4
c7
ed
cd
ec
d8
df
d3
db
e5
d2
d7
d9
dc
e2
e7
ed
f2
f4
e1
ea
ef
eb
e9
f0
f4
f3
00
fe
fd
fc
fe
02
08
0c
01
05
04
ff
02
0c
10
0e
0e
0e
1a
1a
2d
2f
3e
3f
38
38
36
34
3b
43
40
36
2f
25
1a
13
10
0d
07
00
02
01
fe
fb
f8
f5
f2
f1
f6
cd
fb
df
fc
da
00
d2
e6
e0
e0
eb
fb
d9
cf
e9
e4
d6
d0
f0
d9
e9
df
e0
e4
ee
db
e1
e3
c0
e0
d1
e8
e5
e2
e1
e5
ec
f4
fa
e3
ee
f1
eb
ea
f5
fc
f9
f3
f7
f9
f4
ee
f0
fb
05
0a
10
0e
05
08
14
19
14
10
16
13
21
1e
2f
2f
37
33
3b
3d
3a
3e
46
43
38
2c
20
14
11
15
16
0f
07
04
03
01
fe
fb
f9
f6
f5
f2
f2
ea
13
c3
ef
ed
f0
ec
ee
cd
eb
dc
ee
f7
3f
e4
da
fc
f4
da
d9
f7
e3
e5
d7
c8
dd
f6
b8
ec
ea
fd
f5
ea
e2
e0
e5
ee
f4
e3
ee
f1
ea
eb
f9
02
00
f7
04
11
12
09
05
0c
15
06
0d
09
fe
ff
0c
10
0a
0a
14
08
23
14
32
28
36
29
37
3c
38
39
41
3f
34
22
22
20
1e
1b
17
13
11
14
0f
07
ff
fa
f7
f7
f8
0b
02
f6
f0
f1
f5
f9
fa
f7
f2
f8
02
ff
ef
e6
e9
e0
eb
f8
ff
fc
f5
ef
ec
dd
e0
e4
e4
e2
e2
e6
e9
e9
ef
f8
fe
fe
f7
ed
e7
f2
ee
ef
f7
fd
fc
fa
fa
0c
0a
07
05
03
03
04
05
0f
0e
0d
0c
0d
11
15
18
1c
22
22
21
30
42
3c
27
21
60
3d
5f
55
34
17
2e
2c
2c
2a
27
22
1d
19
16
10
0d
09
04
02
01
02
02
05
00
fa
f8
f9
f9
f7
f5
f0
ec
f0
f9
f8
ec
e7
ea
fd
f2
e6
e3
e7
ec
eb
e8
ec
ef
f3
f3
f2
f2
f5
f8
f4
fb
05
0d
0e
0a
03
fd
ea
ea
ec
f1
f3
f5
f9
fe
02
05
09
0f
13
15
16
16
0f
0f
0e
0f
11
15
19
1c
2c
22
22
2a
2c
27
2b
37
4f
41
76
35
42
24
42
4a
2f
2e
2b
26
20
1a
14
11
12
11
0f
0d
0b
09
08
07
01
00
00
02
03
ff
f7
f1
f0
ec
ee
f4
f5
ee
ed
f0
25
0d
f4
ee
fa
03
fe
f5
f0
f3
f7
f7
f5
f5
f9
fc
fb
00
09
10
11
0f
09
05
07
08
07
04
04
09
0f
15
09
0c
12
15
16
14
11
0f
1c
1c
1c
1d
20
23
27
29
2f
29
29
31
39
3c
3e
41
5e
2f
5c
4f
33
64
3c
32
36
34
30
2a
23
1b
14
10
1b
1a
18
15
10
0b
06
03
06
05
05
06
07
04
fc
f6
fb
f7
f6
f7
f6
f4
f5
f7
05
f7
ec
ee
f9
fb
ee
df
ef
f2
f6
f6
f4
f4
f8
fb
fe
03
09
0e
0e
0c
08
05
0e
09
00
fa
fe
07
08
03
17
18
1c
1d
1f
20
20
20
35
35
34
35
36
37
38
38
32
3a
38
33
42
58
4f
33
54
4d
3e
61
2f
1f
b8
a4
46
44
3f
38
30
27
20
1c
1c
1c
1a
17
13
0e
0a
07
12
0e
09
07
08
08
05
02
04
04
00
fa
f8
f9
f9
f8
eb
ec
f0
f6
fa
f7
ef
e7
f4
f7
fb
fb
f9
f9
fd
00
fe
02
08
0e
12
14
13
13
1b
15
08
05
13
22
1c
0b
1e
20
23
2a
34
41
4d
53
48
48
47
46
44
42
41
40
41
42
43
41
3f
41
46
4b
47
65
24
1c
51
b0
9b
96
4c
4a
45
3e
36
2d
25
21
1b
1a
19
18
17
16
16
16
1e
17
0f
0b
0c
0e
0e
0d
07
0a
07
fe
fa
fd
fd
f8
fa
ff
05
05
02
01
05
0a
f6
f9
fd
fd
fb
fb
ff
02
f7
fa
01
09
11
18
1c
1e
2c
2e
29
28
39
4b
43
2c
2e
2d
2c
2f
37
43
50
58
4a
4a
4a
49
47
44
42
40
45
38
44
59
4b
32
4d
85
3c
4d
8c
a2
0a
9f
99
9e
4e
4c
47
41
38
30
28
24
23
20
1d
1c
1b
1c
1e
1f
23
1d
16
13
13
15
14
13
09
10
0f
05
04
09
08
ff
ff
04
08
05
ff
fc
fe
03
fe
01
04
04
03
03
07
0a
02
04
08
0d
13
1a
1f
21
1d
2f
37
32
37
42
39
25
37
35
32
30
32
36
3b
3f
43
44
46
48
48
46
44
43
42
45
4c
54
58
54
4c
45
50
55
81
a4
dc
e1
b1
a5
58
55
51
4b
43
3b
33
2f
30
2c
25
20
1c
1c
1e
1f
24
20
1b
1a
1b
1a
17
13
0b
16
17
0e
0f
16
15
0a
1b
20
27
29
23
18
0d
08
0f
13
16
16
15
15
18
1b
1f
1f
1f
1f
20
22
25
26
2a
49
5a
4e
43
44
3c
2c
2e
30
32
36
3a
3e
42
44
3e
40
44
48
4a
4b
4a
48
48
69
5b
35
52
78
29
a4
84
a3
8d
65
a3
a2
b4
9c
5e
41
4f
4f
34
62
34
37
2d
2b
28
25
22
20
20
20
1d
20
24
23
21
1f
20
22
1b
1f
21
1e
16
0f
0c
0b
03
09
0e
11
10
10
12
14
17
20
2b
2e
2c
24
1f
1c
24
2d
33
31
2b
2b
34
3f
3a
37
32
2e
2d
2f
32
34
4c
40
3f
48
44
35
34
3d
27
59
4e
4d
43
5d
34
60
65
5c
ba
f3
4f
95
a8
95
94
88
99
8e
b0
a0
ad
9f
64
56
60
4a
30
49
2e
47
43
40
3b
35
30
2d
2b
2a
28
2c
2f
2e
2a
26
25
26
27
2a
2b
27
21
1c
1b
1c
13
16
19
1a
1b
20
28
2d
20
28
32
36
33
2d
29
27
23
28
2d
2d
2a
2d
34
3b
44
43
40
3d
3c
3d
3e
3f
46
41
42
4a
52
58
62
6c
5a
32
47
60
4f
4f
6c
4c
02
39
ed
40
b6
9e
68
8b
9c
85
8e
85
b0
9e
99
79
47
42
4a
42
5a
60
3d
49
4c
49
44
40
3c
3a
38
37
2c
31
36
35
30
29
26
25
29
2b
2a
27
22
20
23
26
23
23
22
20
20
25
2f
37
26
2d
36
3a
38
34
31
30
21
22
25
27
2b
30
34
38
43
42
42
41
40
40
40
3f
48
4d
4b
45
45
4b
4c
48
52
5e
55
44
68
4b
80
4f
56
ee
d9
9f
65
b6
ad
86
95
7c
86
88
bf
b2
a7
7f
59
5c
58
4c
60
4a
30
3b
41
40
3e
3c
3c
3d
3d
3e
2f
35
3c
3c
38
32
2f
2e
2b
2c
2b
28
25
26
2b
30
33
34
32
2d
29
29
2e
34
29
2f
35
38
36
34
33
34
27
26
26
2a
32
39
3c
3c
44
45
46
47
46
45
44
43
42
51
5a
58
5c
67
66
59
47
70
5f
60
7a
71
60
99
96
91
55
c9
ac
74
a9
7c
8d
81
95
94
c0
b2
b2
97
53
64
5b
5c
4a
3a
48
66
3d
3c
3a
39
39
39
3a
3b
33
39
40
42
40
3d
3d
3d
35
36
36
34
32
33
39
3e
3e
41
43
41
3d
3a
3a
3c
32
36
3a
3c
39
38
39
3b
3a
38
38
3d
45
4b
4e
4e
55
56
58
59
59
59
57
56
59
61
65
62
65
6d
6e
67
62
71
70
5e
ad
c7
1b
7e
92
97
bd
98
9b
9a
9e
8e
90
94
b1
9f
ad
92
a2
9d
5f
50
34
72
50
4f
3b
19
4b
48
44
3f
3b
39
37
36
2d
31
36
37
37
37
3a
3d
37
39
3b
3a
38
38
3c
40
37
3d
43
45
44
43
44
45
43
46
47
46
42
41
44
46
4c
4d
50
52
56
5b
5f
63
60
60
60
61
61
62
63
63
6d
67
65
69
6a
67
69
70
76
6c
a0
7f
9f
ac
8d
a8
75
a6
85
a6
9b
96
7d
a3
89
99
bf
a9
ac
8d
a7
b0
ba
a9
a7
4a
34
7f
87
54
54
51
4d
47
42
3f
3c
3b
2f
31
32
31
2f
30
36
3b
38
3b
40
40
3d
3c
3e
40
3b
3e
41
42
41
43
48
4b
51
53
52
4f
4a
49
4c
4f
50
56
5a
5a
58
5a
61
69
60
5f
5c
5b
5d
5f
63
65
60
56
63
7e
7a
59
48
4f
fc
8b
94
cb
88
8f
af
6d
81
92
9f
9f
a5
89
7e
a9
83
90
b7
a9
b6
9a
ae
ad
a7
a7
a1
2a
ae
00
4c
50
52
50
4d
4a
47
45
45
45
42
41
3f
3b
38
39
3f
45
42
47
4d
4e
4b
48
48
49
50
50
4d
48
45
48
4f
55
57
58
56
51
4b
4a
4d
50
4a
52
59
57
50
50
5a
64
63
61
5d
5b
5c
60
65
68
70
5e
66
74
46
e2
9a
89
83
9b
ab
86
bb
8a
79
ac
9d
7d
97
98
82
a4
7e
a5
8c
8d
aa
9e
b3
93
94
81
96
8b
7c
cd
79
9f
66
56
5b
50
43
40
58
55
3e
4a
34
51
42
28
4f
4e
26
4f
4c
38
3c
45
43
4d
51
3e
47
48
38
39
4f
50
48
57
4e
4d
5d
51
51
61
4e
3f
58
50
54
50
51
67
61
52
5d
7c
59
61
62
5a
7d
5c
56
8a
69
61
41
86
a1
db
93
a0
a6
9f
97
98
98
96
aa
91
8a
9d
9e
89
83
8f
96
86
99
90
b3
9a
a8
9f
8f
c4
85
4f
d0
94
8c
b4
3a
38
c2
c7
39
df
77
2c
3a
3d
59
25
3f
4b
f8
33
50
40
45
4d
47
4e
54
44
32
4b
56
52
4c
3e
40
57
46
5e
3e
3c
3d
39
62
67
46
61
53
67
69
3b
51
77
52
37
79
67
65
7c
4e
7c
85
5c
a3
b4
aa
a0
99
9f
b2
b1
a5
93
8a
90
97
99
86
87
93
a9
b3
ad
a2
9d
97
8b
9f
98
ae
8d
8c
7c
c6
b0
dc
a6
91
8e
97
9a
89
9b
81
8e
a6
8e
a4
a6
5d
1c
14
a5
b4
fc
da
53
51
43
48
4b
3e
44
4e
43
59
56
50
51
59
5d
5a
58
5e
51
4b
50
64
67
58
5d
70
60
62
73
54
51
8d
46
72
7d
6d
6a
6f
74
81
71
6c
68
a5
fc
69
ab
90
d2
b9
b1
9f
8c
87
90
95
93
82
8c
99
a5
a9
a4
94
87
8d
85
94
93
a5
8f
90
8a
e8
b2
bf
a2
ad
a7
a2
9a
97
8f
b0
9b
76
a7
5e
b2
8e
88
b5
96
a1
ac
6e
a2
58
49
4c
4a
3b
45
58
55
55
4a
4a
4e
51
5b
57
42
59
58
74
57
62
62
33
77
54
56
5c
49
79
74
69
63
6a
3e
8c
63
5c
5e
c5
af
60
d3
91
c1
08
b8
b1
78
a8
a6
9d
96
99
a0
9c
91
b2
ab
ac
b3
ae
9d
92
92
a3
96
93
8f
96
91
9b
a3
f8
e9
cc
e3
d1
a5
a9
b0
ad
a0
91
7d
af
84
94
86
94
9c
8a
92
96
86
96
a4
a8
97
98
98
8f
a2
bf
c2
28
3d
65
62
3d
48
6e
73
66
50
5b
7e
a2
89
94
5d
15
be
6c
87
5f
59
6f
76
ab
ab
89
80
91
a7
b7
9d
b8
97
8a
c9
a3
81
8e
b1
a0
a1
9d
9a
a0
a6
a1
95
a2
91
97
ae
ab
90
89
9a
93
8f
8c
9c
a2
b3
c2
d5
b2
f0
62
57
8b
d5
e1
be
d4
d0
b4
b4
b8
ae
95
9e
9b
a6
7d
9f
99
6f
93
7e
95
84
85
8a
89
a1
be
bf
90
c5
31
6d
5e
61
5d
2c
57
64
77
a1
7c
a4
71
6a
b3
c8
71
58
75
71
4e
48
92
bc
aa
9f
90
8a
a7
90
9f
ad
b7
92
8d
87
a8
b6
9f
9f
99
90
91
97
97
90
87
88
9a
b2
b0
9a
8e
96
d8
d7
c8
cf
b4
ae
9e
a6
05
80
b7
e7
f2
69
a4
40
08
1d
ba
e0
a1
cc
ba
ea
dd
c4
ab
bf
b5
9f
b1
a4
9f
8c
8d
94
92
a2
b1
a6
a8
81
8b
9a
a1
ed
25
05
e3
92
c4
89
c9
65
86
bf
a8
a5
3b
56
4c
3c
75
04
8d
98
9b
76
6e
8e
9f
aa
99
d7
95
a4
73
c9
80
9a
9f
a8
ac
a5
9f
9e
9a
92
a2
c3
d5
d0
d1
dd
d8
c4
b6
c2
c2
e8
dc
f3
f0
05
4a
0d
27
bc
a2
02
d9
cf
e8
61
9f
3c
66
d8
59
be
05
c1
be
b5
af
c1
c1
d4
ca
b5
b5
ba
b3
b6
b4
9d
a3
8e
a8
a7
81
a2
c0
90
a2
b2
d6
9b
91
b9
91
91
91
72
ce
5f
58
b0
44
5b
af
a6
99
97
a4
af
a9
97
98
b3
96
85
aa
bb
88
a7
a3
bb
d0
d4
cc
c0
b0
a3
94
ce
dd
b9
c3
fd
0c
e7
0a
0c
f2
02
df
ed
e3
fb
9d
a8
8f
8b
cb
af
cc
9b
aa
db
00
36
36
bc
e0
c9
ea
60
5d
d6
19
5c
0a
4a
74
ef
bf
a6
d1
ab
be
e9
c6
ae
c4
af
c6
ba
d3
b2
cf
f5
b9
d3
af
9b
a1
b1
a9
b4
d5
d7
d2
b0
b9
c4
b6
c2
ca
a6
d5
c4
cd
df
c1
f0
c3
d4
0a
d7
d9
d3
d2
d4
f7
f5
15
0d
10
27
e7
19
13
0b
04
23
31
17
e5
12
f1
03
06
c8
1c
01
aa
1a
d8
d2
3b
05
cc
ed
13
02
bd
c2
a8
8c
b6
c5
aa
b0
c5
8a
9e
cb
b1
fa
bc
b4
bf
9f
39
f1
b9
a3
e0
f8
26
4e
f5
c1
bd
e8
14
3b
0e
28
07
e3
d3
d3
56
39
c3
12
0a
eb
09
0f
03
1e
42
fc
f8
17
32
0f
4f
09
15
f9
f4
37
ff
42
6a
f7
02
f5
f2
f4
1e
ab
a7
c5
24
ed
ed
e9
d4
d6
1c
44
26
06
fb
d4
07
de
7d
aa
95
a2
aa
9d
99
9a
e4
20
d4
8a
85
34
71
57
3e
d9
e5
d3
bc
da
c8
c7
b0
b9
bb
b4
cb
c5
bd
b5
bf
a7
89
04
e3
19
e7
f7
29
1f
cb
bb
ab
af
cb
ed
14
0c
38
e9
11
43
f1
d1
d8
0a
3c
27
3c
10
f2
26
ea
3b
f5
20
20
2c
c3
c2
b6
51
3a
44
e5
c6
d0
28
01
4b
13
48
0a
fb
1a
0d
ec
d6
93
f4
b8
d5
bb
02
aa
92
a2
9c
84
84
af
97
82
8c
a4
c5
b2
b4
90
9f
cc
ca
12
e9
95
b5
d7
d9
8b
bb
9a
b2
cf
b3
ac
f6
bd
e6
ef
56
20
54
07
eb
c0
bf
9d
a0
ab
a9
aa
bc
b9
e1
f5
11
ce
61
e4
55
4a
b8
ba
c0
b2
d1
e7
f3
f2
19
20
d0
c7
a5
3c
e8
17
08
f6
08
e7
bc
22
fc
0a
e3
42
d8
d1
bf
c6
11
43
d6
e3
fb
26
ef
d8
00
93
ab
9f
63
b7
85
75
9d
98
ae
c4
8a
9c
b9
b9
94
92
98
ae
9d
a6
d8
d5
b5
e7
94
82
d3
96
c5
11
e9
e5
06
17
2f
e2
d9
af
9c
90
99
a9
b6
d5
c7
ab
ae
a4
63
05
1d
fb
12
18
d3
ac
f5
4d
20
f2
e1
96
b9
da
b2
c5
93
06
30
ce
b9
f4
03
d9
68
fc
ef
ef
db
9e
14
fb
45
d7
a1
d8
f7
35
12
05
ff
08
46
e4
c0
b9
97
a3
79
9f
95
99
aa
f6
a1
b1
e9
0e
9b
9a
bb
a8
b1
ae
ab
ac
a5
b1
d5
ae
b8
fb
d5
3b
c8
17
c2
3f
ee
c4
cf
c3
af
a8
a7
b2
9b
a1
87
ab
ad
a7
c2
94
e0
d3
67
29
fc
67
00
0f
cc
33
4c
17
53
12
da
02
aa
c7
f4
c1
b9
bc
b4
cf
d6
aa
b5
f7
a4
b6
d3
af
a6
25
00
18
f7
c7
d6
ba
ea
6b
e6
db
b6
1f
6a
d5
80
a5
c3
74
bb
cd
c1
a9
c4
ae
b2
b2
a3
d5
cb
ff
c7
aa
d3
e8
dd
e9
f3
95
e7
b4
27
d6
f6
09
25
01
db
d8
f1
ca
a5
99
a5
a4
94
ba
9e
c4
b3
97
ab
bc
6e
a7
d2
44
ef
8e
00
e8
94
b8
b9
a5
e4
aa
dd
42
14
f7
f0
3a
a7
0b
d5
f6
db
0e
32
c6
c2
da
a5
b1
cb
9d
e2
eb
ee
da
a2
d8
bc
b1
c0
b1
cc
d1
0a
94
af
9e
df
aa
f4
95
dc
9f
fb
e9
16
ca
a7
d9
ec
e2
c1
c8
df
ab
93
c3
c5
b1
d6
cf
bb
5e
91
c0
ea
ba
b6
a4
b2
87
aa
a9
a8
9b
8a
ba
99
c1
b1
96
af
94
fd
ea
97
b3
a5
7d
81
39
00
35
f8
9f
02
b8
8c
e0
ca
c2
14
b5
3f
ef
f4
d4
f5
1f
d0
d2
be
cb
ca
aa
af
c6
ab
ae
b5
af
aa
8f
b3
b8
c1
ae
c3
9c
80
b2
76
cd
ab
c2
bb
dd
d8
be
1a
48
1f
f6
b3
a8
d0
c7
0e
c9
24
ce
ae
7d
7f
e6
ef
d8
db
d2
be
c8
b9
a7
a9
aa
a7
a0
99
95
94
8a
a3
ac
a4
ac
bf
b7
9c
ad
ab
b8
9a
a6
9c
bd
67
68
ae
85
c5
ec
fd
c4
e1
72
b6
8f
a1
03
a4
47
bd
a5
0c
fb
ce
d4
02
c0
f9
ec
da
ef
08
c7
b7
a8
b5
b7
a0
c8
9e
ac
b2
b4
95
e0
a3
c5
c6
9e
06
e2
1d
dd
c4
e4
b1
f4
b2
dd
e2
ca
dc
5e
a2
c8
ca
ac
de
d4
db
c2
c2
b6
9f
a6
96
be
b1
9c
8b
86
92
a6
b5
92
9d
9e
97
9c
a8
a4
94
99
8e
8f
ab
8b
95
b1
68
ac
72
88
e7
81
96
24
df
e4
99
a5
9c
94
b0
9d
bf
d4
95
fd
bf
a9
f1
08
f9
e3
cf
a4
ce
ee
2c
ad
a9
b4
99
ce
ba
b6
ac
d0
f0
c0
ba
ec
7b
df
06
ec
a4
1d
c1
7a
b1
c5
ea
c8
b5
e0
4c
d1
bf
b6
d4
d7
e7
b0
ba
a6
ad
a9
98
a6
99
8c
92
9b
a2
a1
9a
90
8a
a5
9f
97
94
96
98
98
97
8d
94
8f
c9
89
b0
9b
fa
03
9f
66
69
b4
09
4b
bb
97
7f
d9
04
91
75
f1
b3
97
cd
97
bb
77
d5
a4
b4
e0
b3
ea
dd
e9
d2
bf
ce
dd
b6
d1
b6
ab
a5
ac
b1
dc
4e
d6
9d
ac
d8
b9
ab
b3
8e
b9
c8
d2
ca
f5
e9
e7
97
be
eb
a7
be
a5
b0
99
a5
95
a2
a4
98
aa
9f
9c
95
8c
88
89
8f
94
98
a8
99
90
94
95
8f
8f
96
91
a8
9c
b1
86
ca
a4
86
11
d6
4a
80
e0
cd
9a
8d
88
c6
fa
ae
7a
bf
7b
b3
0a
72
b9
b2
a1
c3
a6
a5
9c
d2
95
1c
57
11
9b
f0
c6
b8
ce
ba
d2
02
e8
b0
c8
d1
a7
c5
a8
ad
b9
89
b7
ad
d1
d1
ce
d9
ec
be
d3
b9
b2
8d
99
85
7d
b0
95
a0
8e
97
95
86
95
89
a3
9c
97
96
99
9a
99
96
96
8a
86
8e
90
8a
88
8e
9a
a4
97
89
85
b2
be
91
a9
ff
bb
36
e5
10
b9
ab
c0
81
97
dd
70
4d
94
d0
74
18
ed
0c
a5
b6
b8
a3
fc
bf
72
b9
16
9d
f2
c6
c1
df
0d
e9
b1
c2
bd
bc
c7
91
af
9a
ab
62
a2
90
94
ac
91
cd
bd
2a
15
04
97
d2
8d
30
9a
95
a6
71
8a
96
86
92
92
87
98
8d
89
91
a0
b0
b5
a8
8f
7b
8e
8d
8d
90
94
97
94
91
9f
a4
a3
b7
ba
92
ae
ba
88
a9
85
9e
c5
aa
97
a5
88
c7
e7
9b
fd
eb
b5
df
4b
d4
a0
a2
a6
4b
87
96
b7
3c
c3
f6
ff
a7
ad
9b
07
be
ae
c5
b3
b8
96
a4
ca
e1
a1
e5
cc
ef
71
8e
a2
da
01
d1
c2
ac
d8
fd
a9
a6
a3
ab
90
a0
62
b2
82
90
82
92
97
8e
a3
98
ac
9a
88
81
89
98
a1
a5
91
9b
9a
91
96
a5
a4
97
99
b5
9b
e5
e6
a3
8d
b1
b0
92
cd
b4
9b
a9
96
60
b0
7b
73
8a
da
9f
d6
90
63
ae
9f
9a
7a
a9
a6
9e
9d
aa
aa
8d
b9
9d
de
71
8f
7d
a8
d5
98
a3
d4
4c
e8
b9
ee
eb
bc
a5
c2
20
c1
e6
bf
e3
ca
cd
89
a6
99
d9
9e
86
8b
79
b4
71
8c
98
86
90
8e
81
91
85
9a
94
92
98
a4
a9
a4
9c
8e
9e
9a
87
8c
a4
a6
92
8d
bd
69
c7
d2
c6
8c
a5
9b
3f
d2
a8
b5
85
ec
c6
98
9f
a6
a1
7d
c0
82
3c
3a
c1
36
81
d4
07
c4
9d
be
b0
c6
a9
ca
e3
d9
b5
ef
a2
7f
9c
8c
b0
94
a7
d1
91
a5
c9
d0
c7
ab
b3
b6
d9
e8
cc
9f
8a
a3
86
9b
98
9a
9e
98
8f
8e
94
95
8c
83
82
88
8d
8c
88
86
88
89
8c
98
a0
98
89
88
8d
92
94
90
89
84
81
88
b8
98
9c
16
95
72
7c
be
a0
f3
ae
9e
fe
51
97
a1
63
b1
b8
9b
cd
72
b9
a2
07
37
8e
99
97
b2
aa
22
dd
7b
66
be
99
50
ae
14
82
0b
b8
92
b1
75
a3
bd
b9
fc
0d
e3
be
a8
bc
c4
a1
c6
92
be
7c
ac
7a
93
8c
8b
91
91
8b
8b
90
8d
8c
8a
88
87
8b
90
95
90
92
90
8c
90
98
95
8b
8c
98
a1
9f
95
8e
91
97
97
cf
7b
9d
81
93
95
cc
96
a9
c9
6a
9e
a6
03
51
72
c0
7a
7f
9f
e8
c7
ab
87
a2
f9
e9
d1
a9
fc
9e
a1
06
80
14
7f
7c
9d
f9
cf
0e
a6
57
8b
87
93
a1
36
c5
8b
7e
a3
d6
c4
a8
9f
9d
a3
b5
82
82
8c
a4
9c
90
8a
91
98
96
95
98
88
8d
90
8c
87
89
94
9f
92
97
93
89
86
8d
91
90
8b
99
a4
9f
92
8e
97
a5
a5
b3
ad
a8
a4
92
9b
6a
9f
6d
af
b8
88
86
96
cb
86
9a
a8
c8
9b
c6
6f
81
9a
a1
91
9c
a8
6b
c5
71
f0
65
fd
93
f2
25
a4
57
9c
07
ab
ab
97
99
c1
79
94
99
ca
c0
a2
a4
8f
85
ad
75
92
71
9f
8f
99
73
a8
97
8c
92
9c
9d
9a
9b
8b
8d
8d
8a
87
8a
92
9a
8c
97
99
8d
84
87
8f
93
89
90
95
92
8b
8b
95
9f
a3
a9
7f
9e
8d
be
ae
a6
8d
75
f1
2d
80
a6
97
8c
8c
a5
96
55
e7
b6
e0
95
b9
8e
8c
99
9a
ac
19
aa
98
c2
d0
ae
93
a7
95
d1
8d
88
8a
9e
72
b2
7d
8e
c2
97
98
90
a0
c8
ad
89
88
97
ec
98
8b
80
9f
9a
a2
90
85
89
91
90
8c
8c
93
8c
85
84
88
8c
8d
8c
94
a2
a7
9a
8c
89
8e
90
95
90
8c
8c
90
95
97
98
9e
ae
a1
8f
a3
9e
a1
df
e4
97
a2
6a
83
9c
ad
90
a1
83
c4
b9
9c
1c
a0
90
8f
a3
8d
6c
b9
a3
72
72
a9
b0
fa
e1
bd
8a
c4
d0
8c
99
7c
ba
2d
5f
74
ae
9a
87
a3
9f
98
aa
94
81
7d
87
ac
87
63
a6
77
60
9c
8e
86
8a
8d
89
86
88
96
8c
82
81
88
8d
8b
87
a2
ae
b0
a1
92
8d
8e
8c
a5
9c
93
94
9b
a0
9d
97
a1
97
d2
93
f9
9a
89
90
89
ad
ae
29
83
ca
9d
99
a4
1c
af
7f
ae
b3
8a
95
ac
83
79
74
aa
9a
71
a4
89
fb
51
b1
bd
73
c0
8e
7c
cc
88
ac
9f
ba
9e
c0
89
7f
a8
a0
81
82
7f
8d
94
8f
0a
99
a4
8f
a7
a4
98
91
90
95
94
8e
8d
92
90
8c
87
86
88
8b
8f
90
9e
a5
a2
95
8b
8d
90
90
a4
9f
9a
98
98
98
95
92
a0
87
7f
9f
a3
ea
a9
a4
9f
70
8e
94
a9
8a
fd
9c
95
ad
ab
86
9c
80
8d
0b
2b
8d
9c
c0
53
65
ba
62
84
9c
a4
d8
7b
9d
a5
1a
86
98
78
ff
00
4b
7e
f4
be
9a
aa
9b
80
8b
9c
bd
88
70
ba
92
7e
9a
7c
90
90
8e
91
98
96
8f
8f
97
89
8d
8f
8b
87
89
93
9d
8c
90
8b
81
7f
8a
94
96
96
99
99
94
8b
86
85
88
98
77
af
a8
80
c8
b9
87
80
1a
8e
8c
c4
ab
88
8d
da
a2
91
d7
a9
7f
5d
4b
90
31
8f
73
03
b4
65
99
87
8c
17
47
91
ca
9e
a0
c8
1a
ff
fd
c2
9f
87
8c
