13
13
12
11
0f
0e
0e
0d
08
08
08
08
08
08
08
08
08
08
08
08
08
08
08
08
03
04
05
06
07
08
09
0a
07
07
07
07
07
07
07
07
0d
10
14
15
11
09
14
13
12
11
10
0f
0e
0d
08
08
08
08
08
08
08
08
08
08
08
08
08
08
08
08
04
05
06
07
08
09
0a
0b
0a
0a
0a
0a
0a
0a
0a
0a
0f
12
16
17
13
0b
15
14
13
12
11
10
0f
0e
09
09
09
09
09
09
09
09
09
09
09
09
09
09
09
09
06
07
07
08
0a
0b
0c
0c
0f
0f
0f
0f
0f
0f
0f
0f
12
15
19
1a
16
0e
16
15
14
13
12
11
10
0f
0a
0a
0a
0a
0a
0a
0a
0a
0a
0a
0a
0a
0a
0a
0a
0a
08
09
0a
0b
0c
0d
0e
0f
13
13
13
13
13
13
13
13
14
18
1b
1c
18
10
17
17
15
14
13
12
11
10
0b
0b
0b
0b
0b
0b
0b
0b
0b
0b
0b
0b
0b
0b
0b
0b
0b
0c
0c
0d
0f
10
11
11
16
16
16
16
16
16
16
16
14
18
1b
1c
18
10
18
18
17
15
14
13
12
12
0c
0c
0c
0c
0c
0c
0c
0c
0c
0c
0c
0c
0c
0c
0c
0c
0d
0e
0f
10
11
12
13
14
16
16
16
16
16
16
16
16
12
15
19
1a
16
0e
19
18
17
16
15
14
13
12
0d
0d
0d
0d
0d
0d
0d
0d
0d
0d
0d
0d
0d
0d
0d
0d
0f
10
10
11
13
14
15
15
15
15
15
15
15
15
15
15
0f
12
16
17
13
0b
19
19
18
17
15
14
14
13
0e
0e
0e
0e
0e
0e
0e
0e
0e
0e
0e
0e
0e
0e
0e
0e
10
11
11
12
14
15
16
16
14
14
14
14
14
14
14
14
0d
10
14
15
11
09
1b
1b
1b
1a
19
18
18
18
1d
1c
1b
1a
19
18
17
16
15
14
13
12
11
10
0f
0e
13
13
12
11
10
0e
0e
0d
13
12
11
10
0f
0e
0d
0c
11
12
11
0f
0b
05
1a
1b
1a
1a
19
19
19
18
1d
1c
1b
1a
19
18
17
16
17
17
15
14
13
12
11
10
15
15
14
13
11
10
0f
0f
14
13
12
11
10
0f
0e
0d
10
10
10
0f
0b
05
19
19
19
19
1a
1a
1a
1a
1d
1c
1b
1a
19
18
17
16
1a
1a
19
17
16
15
14
14
17
17
16
15
13
12
12
11
15
15
14
13
11
10
0f
0f
0e
0e
0f
0e
0a
05
17
18
18
19
1a
1b
1b
1c
1d
1c
1b
1a
19
18
17
16
1c
1c
1b
1a
18
17
16
16
18
18
17
16
15
13
13
12
15
15
13
12
11
10
0f
0f
0a
0c
0c
0c
09
04
15
16
17
19
1a
1c
1d
1e
1d
1c
1b
1a
19
18
17
16
1c
1c
1b
1a
18
17
16
16
17
17
16
15
13
12
12
11
12
12
11
10
0e
0d
0d
0c
07
09
0a
0b
08
04
13
14
16
18
1b
1d
1f
1f
1d
1c
1b
1a
19
18
17
16
1a
1a
19
17
16
15
14
14
14
14
13
12
10
0f
0e
0e
0e
0d
0c
0b
0a
09
08
07
04
06
08
09
08
04
12
13
15
18
1b
1e
20
21
1d
1c
1b
1a
19
18
17
16
17
17
15
14
13
12
11
10
10
10
0f
0e
0c
0b
0a
0a
09
09
08
06
05
04
03
03
02
04
06
08
07
04
11
13
15
18
1b
1e
21
22
1d
1c
1b
1a
19
18
17
16
15
14
13
12
11
10
0f
0e
0e
0d
0c
0b
0a
09
08
07
06
05
04
03
02
01
00
ff
01
03
05
07
07
04
08
06
04
04
06
0a
0f
12
11
11
13
15
17
19
1a
1b
1d
1d
1a
18
15
13
11
10
0b
0b
0a
0a
0a
09
09
08
09
06
03
ff
fe
ff
01
03
09
08
08
07
06
05
05
03
01
00
02
06
0a
0d
0a
0b
0c
0e
0f
11
12
13
18
17
16
14
11
0f
0e
0d
12
11
10
10
0f
0e
0e
0d
09
07
03
ff
fe
ff
01
03
01
01
01
01
02
02
01
fe
fc
fb
fc
00
03
06
00
01
02
03
04
05
06
06
0e
0e
0d
0c
0b
0a
0a
09
14
14
13
12
10
0f
0e
0d
09
06
02
ff
fe
ff
01
03
f5
f5
f7
f9
fb
fd
fd
fa
f8
f6
f6
f9
fc
ff
f7
f7
f7
f8
f8
f9
f9
f9
04
04
05
05
05
06
06
06
0d
0c
0a
09
07
04
03
02
06
04
00
fd
fc
fd
ff
00
ec
ed
f0
f3
f7
fa
fb
f8
f5
f3
f2
f4
f7
f9
f2
f2
f1
f1
f0
f0
f0
f0
fb
fc
fd
ff
01
03
05
05
01
00
fe
fb
f8
f6
f4
f2
02
ff
fb
f8
f7
f8
fa
fc
eb
ec
ef
f2
f5
f9
fc
f9
f5
f2
f1
f2
f4
f6
f1
f1
f0
ef
ee
ec
ec
eb
f5
f6
f9
fc
00
03
05
07
fe
fc
fa
f7
f3
ef
ed
eb
fb
f8
f5
f1
f0
f1
f3
f5
f1
f2
f4
f6
f8
fa
fd
fb
f6
f2
f1
f1
f3
f5
f3
f3
f2
f0
ee
ed
eb
eb
f2
f4
f7
fb
00
04
07
09
07
05
02
fe
fa
f6
f3
f2
f4
f2
ee
eb
e9
eb
ed
ee
fc
fc
fc
fc
fd
fd
ff
fc
f8
f3
f1
f2
f3
f5
f5
f5
f3
f2
f0
ee
ec
ec
f0
f3
f6
fb
00
05
09
0b
11
10
0d
09
04
00
fc
fb
f0
ee
ea
e6
e5
e6
e9
ea
03
02
02
01
00
ff
03
00
fc
f6
ee
e9
e4
e1
ec
ed
ef
f2
f5
f9
fb
fc
04
04
04
04
04
04
04
04
09
09
09
09
09
09
09
09
03
02
02
01
ff
fe
fe
fd
e7
e3
df
df
e4
ef
f2
f0
ee
ea
e6
e3
e1
df
f0
f1
f3
f5
f8
fb
fd
ff
04
04
04
04
04
04
04
04
09
09
09
09
09
09
09
09
03
02
02
01
ff
fe
fe
fd
f0
ec
e8
e6
ea
f3
e0
e0
e0
e2
e2
e3
e4
e4
f6
f7
f8
fb
fd
ff
01
02
04
04
04
04
04
04
04
04
08
08
08
08
08
08
08
08
03
02
02
01
ff
fe
fe
fd
fd
f9
f5
f2
f3
f9
dd
df
e2
e6
ea
ee
f1
f3
fc
fd
fe
ff
01
03
04
05
04
04
04
04
04
04
04
04
07
07
07
07
07
07
07
07
03
02
02
01
ff
fe
fe
fd
08
05
00
fd
fc
ff
ea
ec
f0
f4
fa
fe
02
04
01
01
02
02
03
04
04
05
04
04
04
04
04
04
04
04
06
06
06
06
06
06
06
06
03
02
02
01
ff
fe
fe
fd
0c
09
06
04
02
02
fa
fb
fd
00
03
06
08
09
03
03
03
03
03
03
03
03
04
04
04
04
04
04
04
04
05
05
05
05
05
05
05
05
03
02
02
01
ff
fe
fe
fd
07
06
05
04
03
03
02
02
02
01
01
01
01
01
03
03
02
02
02
01
00
00
04
04
04
04
04
04
04
04
04
04
04
04
04
04
04
04
03
02
02
01
ff
fe
fe
fd
fe
ff
01
02
02
02
