17
13
0f
0a
08
08
09
0a
08
08
08
08
08
08
08
08
05
06
07
08
09
0a
0b
0c
17
13
0f
0a
08
08
09
0a
08
08
08
08
08
08
08
08
06
07
08
09
0a
0b
0c
0d
17
13
0f
0a
08
08
09
0a
08
08
08
08
08
08
08
08
08
09
09
0b
0c
0d
0e
0e
17
13
0f
0a
08
08
09
0a
08
08
08
08
08
08
08
08
0a
0b
0c
0d
0e
0f
10
11
17
13
0f
0a
08
08
09
0a
08
08
08
08
08
08
08
08
0d
0e
0e
0f
11
12
13
13
17
13
0f
0a
08
08
09
0a
08
08
08
08
08
08
08
08
0f
10
11
12
13
14
15
16
17
13
0f
0a
08
08
09
0a
08
08
08
08
08
08
08
08
11
12
12
14
15
16
17
17
17
13
0f
0a
08
08
09
0a
08
08
08
08
08
08
08
08
12
13
13
15
16
17
18
18
14
13
12
0f
0d
0a
09
08
0a
0a
0a
0a
0a
0a
0a
0a
18
18
18
18
18
18
18
18
15
14
12
10
0d
0b
09
08
0a
0a
0a
0a
0a
0a
0a
0a
18
18
18
18
18
18
18
18
16
15
13
11
0e
0c
0a
09
0b
0b
0b
0b
0b
0b
0b
0b
17
17
17
17
17
17
17
17
17
16
14
12
0f
0d
0b
0a
0c
0c
0c
0c
0c
0c
0c
0c
16
16
16
16
16
16
16
16
18
17
15
13
10
0e
0c
0b
0d
0d
0d
0d
0d
0d
0d
0d
15
15
15
15
15
15
15
15
19
18
16
14
12
0f
0d
0c
0e
0e
0e
0e
0e
0e
0e
0e
14
14
14
14
14
14
14
14
1a
19
17
15
12
10
0e
0d
0f
0f
0f
0f
0f
0f
0f
0f
13
13
13
13
13
13
13
13
1a
19
17
15
13
10
0f
0e
10
10
10
10
10
10
10
10
12
12
12
12
12
12
12
12
17
17
17
17
17
17
17
17
13
13
12
11
0f
0e
0e
0d
12
12
11
10
0e
0d
0c
0c
17
17
17
17
17
17
17
17
14
13
12
11
10
0f
0e
0d
12
12
11
10
0e
0d
0c
0c
18
18
18
18
18
18
18
18
15
14
13
12
11
10
0f
0e
12
12
11
10
0e
0d
0c
0c
19
19
19
19
19
19
19
19
16
15
14
13
12
11
10
0f
12
12
11
10
0e
0d
0c
0c
1a
1a
1a
1a
1a
1a
1a
1a
17
17
15
14
13
12
11
10
12
12
11
10
0e
0d
0c
0c
1b
1b
1b
1b
1b
1b
1b
1b
18
18
17
15
14
13
12
12
12
12
11
10
0e
0d
0c
0c
1c
1c
1c
1c
1c
1c
1c
1c
19
18
17
16
15
14
13
12
12
12
11
10
0e
0d
0c
0c
1c
1c
1c
1c
1c
1c
1c
1c
19
19
18
17
15
14
14
13
12
12
11
10
0e
0d
0c
0c
13
15
19
1d
1e
1d
1b
19
1b
1b
1a
19
17
16
16
15
0e
11
15
18
16
12
0c
08
13
15
19
1d
1e
1d
1b
19
1b
1b
19
18
17
16
15
15
0e
11
14
16
14
10
0b
08
13
15
19
1d
1e
1d
1b
19
1a
1a
19
18
16
15
14
14
0e
10
11
12
11
0e
0a
08
13
15
19
1d
1e
1d
1b
19
19
19
18
17
15
14
13
13
0e
0e
0e
0e
0c
0b
09
08
13
15
19
1d
1e
1d
1b
19
18
17
16
15
14
13
12
11
0e
0d
0b
09
07
07
07
07
13
15
19
1d
1e
1d
1b
19
17
16
15
14
13
12
11
10
0e
0b
07
04
03
04
06
07
13
15
19
1d
1e
1d
1b
19
16
16
14
13
12
11
10
10
0d
0a
05
01
00
01
05
07
13
15
19
1d
1e
1d
1b
19
15
15
14
13
12
11
10
0f
0d
0a
04
ff
fe
00
04
07
08
0c
12
19
1e
20
21
20
16
16
15
14
14
13
13
12
0c
07
01
fc
fa
fd
01
03
08
0b
11
16
1a
1a
1a
19
19
18
16
14
12
11
10
0f
0a
06
02
fe
fe
00
04
07
07
0a
0e
11
13
12
10
0e
1b
1a
17
14
11
0e
0c
0a
07
05
03
02
02
05
09
0b
05
07
0a
0c
0c
0a
08
05
1c
1a
17
14
0f
0c
09
07
04
04
04
05
06
08
0a
0b
01
03
06
08
09
07
04
02
19
17
15
12
0e
0c
0a
08
02
03
05
06
07
07
06
06
fc
ff
03
07
08
07
06
04
12
12
11
10
0f
0e
0d
0c
02
03
05
06
05
01
fe
fb
f8
fb
01
06
0a
0b
0a
09
0b
0b
0c
0e
0f
10
11
12
03
04
05
05
01
fb
f4
ef
f5
f9
00
07
0b
0d
0e
0d
06
07
0a
0c
10
12
15
16
04
05
05
04
fe
f6
ed
e7
fb
f8
f4
f1
f0
f1
f3
f5
00
01
01
02
01
ff
fd
fc
fa
f9
f7
f5
f2
ef
ed
ec
f9
f7
f3
ef
ee
ef
f1
f3
fc
fd
ff
00
00
fe
fb
fa
f9
f8
f6
f4
f2
f0
ef
ee
f7
f4
f0
ed
ec
ed
ef
f1
f6
f8
fc
ff
fe
fc
f9
f7
f6
f5
f5
f4
f3
f2
f1
f1
f6
f3
ef
ec
eb
ec
ee
f0
f0
f4
fa
fe
ff
fc
f7
f4
f2
f2
f3
f3
f4
f4
f4
f4
f7
f4
f1
ed
ec
ed
ef
f1
eb
f1
f9
00
02
fe
f8
f4
ee
ef
f0
f2
f4
f6
f7
f9
fa
f8
f4
f0
ef
f0
f2
f4
ea
f1
fb
04
06
02
fb
f5
ea
ec
ee
f1
f5
f8
fa
fc
fe
fc
f8
f4
f3
f4
f6
f8
ea
f2
fe
09
0b
07
ff
f8
e7
e9
ed
f1
f6
fa
fd
ff
01
fe
fa
f7
f6
f7
f9
fb
ea
f3
00
0b
0e
0a
01
fa
e6
e8
ec
f1
f6
fb
fe
01
fd
fc
f9
f4
eb
e2
d9
d4
01
02
02
04
05
06
07
07
11
05
f5
e8
e5
eb
f7
ff
00
fc
f5
ed
e6
e1
df
de
01
02
02
04
05
06
07
07
0b
03
f8
ee
ea
ec
f1
f4
05
fc
ef
e4
df
e2
e9
ee
01
02
02
04
05
06
07
07
02
00
fd
f8
f3
ed
e8
e5
05
fa
e9
dd
db
e4
f3
fd
01
02
02
04
05
06
07
07
fb
fe
02
01
fb
ef
e3
db
fe
f4
e6
dc
de
ea
fb
06
01
02
02
04
05
06
07
07
f9
fe
04
06
01
f4
e6
dd
f1
ec
e5
e2
e7
f2
00
08
01
02
02
04
05
06
07
07
fc
00
04
05
02
fa
f1
eb
e3
e4
e7
eb
f2
fa
01
06
01
02
02
04
05
06
07
07
02
02
02
02
01
ff
fe
fd
da
df
e8
f2
fa
ff
02
03
01
02
02
04
05
06
07
07
07
04
01
fe
ff
03
07
0a
d5
dd
eb
f7
ff
01
fe
fc
04
04
04
04
04
04
04
04
02
02
02
02
02
02
02
02
da
e2
ee
fa
01
03
01
fe
04
04
04
04
04
04
04
04
02
02
02
02
02
02
02
02
e4
ea
f4
fe
04
05
04
02
04
04
04
04
04
04
04
04
02
02
02
02
02
02
02
02
ee
f2
fa
01
05
07
06
05
04
04
04
04
04
04
04
04
02
02
02
02
02
02
02
02
f7
f9
fd
02
05
06
06
06
04
04
04
04
04
04
04
04
02
02
02
02
02
02
02
02
fd
fd
ff
00
02
03
04
04
04
04
04
04
04
04
04
04
02
02
02
02
02
02
02
02
00
ff
fe
fe
ff
ff
01
02
04
04
04
04
04
04
04
04
02
02
02
02
02
02
02
02
01
00
fd
fc
fc
fd
fe
00
04
04
04
04
04
04
04
04
02
02
02
02
02
02
02
02
