13
08
f8
eb
e4
e1
de
dd
cb
cf
d3
d3
cf
ca
c8
c7
cb
cb
cc
ce
ce
cc
c9
c6
bc
cf
b7
ca
bf
cf
b6
cd
bf
c1
b3
b7
d3
d0
b9
b3
c0
c0
c1
c2
c1
bf
bd
bc
d6
cb
bf
ba
bf
c3
c2
bf
be
bb
ef
d2
dd
c7
c0
c2
cb
cc
cd
cb
c8
c8
cb
cf
d0
ce
d1
d5
d2
cf
d9
e8
e3
da
db
e5
e6
de
df
e8
e8
eb
e6
13
07
f6
eb
e7
e6
e2
de
e0
de
da
d6
d4
d2
d0
ce
cd
cc
cd
cf
d1
d0
cc
c9
b5
d0
cb
bb
b1
d7
d5
be
de
dd
c7
c1
d2
cd
ba
ba
c3
c3
c3
c4
c3
c1
c0
bf
c4
c4
c4
c2
c1
c2
c6
c9
d2
b8
cd
a9
ce
d9
d8
cf
cb
ce
d1
d1
cf
ce
d1
d4
d3
d4
db
e5
e4
da
d8
dd
e8
e1
e2
ea
ec
e6
e6
ee
ea
ef
ea
14
05
f4
ec
ed
ed
e7
e0
f1
e7
dc
d7
d8
d8
d5
d0
d0
cc
c8
c7
c8
c8
c5
c2
e4
b0
c0
d2
c0
a8
c0
c1
eb
ec
d4
c5
ce
c9
be
c8
c8
c8
c7
c7
c6
c5
c5
c4
bf
c8
d1
d0
c9
c5
c9
cf
b8
c6
f4
bc
bd
b8
be
be
c5
cb
d1
d3
d2
d1
d2
d4
d2
ce
d2
e0
e8
e7
e6
ea
ef
ea
ec
f2
f4
f0
f1
f7
ef
f7
f1
14
05
f4
ef
f3
f4
ec
e4
ee
e2
d7
d5
da
db
d5
cc
eb
df
cf
c5
c4
c6
c5
c3
f5
a2
c6
dc
cb
a2
d1
cc
d6
de
ce
c2
ca
c7
c4
d5
ce
cd
cb
ca
c9
c9
ca
ca
cb
d2
da
db
d5
cd
ca
c9
cf
f5
33
f1
dd
ce
d5
d7
c8
cf
d8
dc
dd
db
db
dd
f4
e3
d8
dc
e5
eb
f2
fa
f4
f3
f5
f8
fa
fb
fc
fe
f6
01
fa
13
07
f9
f4
f6
f6
f0
e9
e4
dc
d6
d9
e0
e0
d6
cb
11
fc
e1
cf
cc
cf
d1
d0
cb
c1
ea
c0
b8
dc
11
c9
c0
cf
c8
c3
cd
cb
c8
d9
d2
d1
ce
cc
cb
cc
cd
ce
d0
cf
d1
d6
d9
d6
cc
c3
c7
c6
e6
b2
c8
d4
d8
ce
d4
dc
e4
ea
ea
e9
ea
eb
17
04
f3
f0
f0
ee
f0
f4
f9
fb
fd
fd
00
04
06
05
fc
0c
03
12
0b
02
fc
f8
f4
f1
ee
e1
de
dd
e1
e5
e3
da
d2
10
fa
de
ce
ce
d3
d4
d2
cf
cb
df
c5
b9
d4
ef
c2
c1
d0
cc
c9
d4
cf
c7
d5
d5
d3
cf
cd
cc
cd
d0
d1
c9
c5
c3
ca
d4
d7
d1
c8
d4
cd
f4
cf
e4
e2
e5
e7
d6
dc
e3
e7
e7
e7
e9
ec
fa
f4
f4
fd
fe
f7
f2
f4
fe
04
06
04
07
0e
10
0d
03
16
0c
10
10
0c
03
f7
f1
f0
f3
e6
e5
e4
e2
e0
dd
da
d8
ee
dc
ca
c5
cd
d4
d2
cc
e3
c8
be
dd
cb
b8
b1
cc
cc
d8
ce
ca
d7
d2
c7
d2
d6
d4
cf
cc
cb
cd
d1
d3
cc
c9
c8
c9
cd
d1
d4
d6
db
cf
fc
df
e3
c5
c5
d7
db
df
e3
e5
e4
e5
e9
ed
e3
e5
f0
fe
00
fc
fc
04
05
0e
10
0b
0f
19
1b
15
07
1e
13
0f
13
12
07
f6
ed
ef
f5
eb
e9
e5
dd
d7
d4
d6
d9
d5
c9
c1
c7
d5
dd
d8
cf
c4
db
c4
d4
cb
df
c8
db
d1
d9
cb
c6
d5
d2
c8
d2
d6
d4
cf
cb
cb
cd
d1
d3
d7
d9
d8
d1
ca
cb
d5
e0
26
e0
de
c9
ef
e2
df
e9
eb
ed
f0
f0
ef
f0
f6
fb
07
04
04
05
fe
f8
ff
0d
0a
14
17
11
14
20
23
1b
0a
22
17
08
0b
0e
0e
08
fc
f0
e8
f5
f0
e8
e1
dc
da
db
dc
ea
d5
cf
dd
e0
d2
d2
df
d5
d3
cf
cd
cc
cd
d0
d1
d8
d5
d8
e0
df
d6
d1
d3
d6
d1
ca
e1
d2
c0
db
cf
d0
ca
ca
d3
dc
dd
da
d8
de
dc
f7
e8
03
e9
f4
e6
f2
f2
f5
f7
fb
fe
00
01
f6
fc
03
07
08
0a
0e
12
12
17
17
17
1e
29
2a
23
1f
16
23
21
1b
12
08
00
fc
fb
fb
f2
ef
e9
e3
df
dd
dd
dd
e3
e3
df
d9
d8
db
dc
d9
d4
d3
d1
cf
cf
cf
d0
d0
d7
d3
d6
dd
de
d6
d4
d7
bc
ce
c0
ce
d3
cb
e2
df
d8
d4
d5
dd
e5
e7
e5
e3
e0
df
f6
eb
03
ed
f6
ea
00
00
ff
fe
fe
fd
fc
fc
fa
00
06
0a
0b
0d
12
16
0d
17
1d
1d
21
2a
2d
28
21
16
21
27
1f
11
03
fa
f6
f7
f9
ef
ee
eb
e8
e5
e2
e0
de
de
ef
ee
d8
d2
e1
e3
d4
d3
d4
d4
d4
d4
d2
d1
d0
d9
d4
d4
da
db
d5
d5
db
d2
fe
da
cd
df
d6
db
de
de
dc
da
d9
d9
d8
d3
ce
e2
e3
f4
ee
ff
f2
f8
ef
06
06
05
04
03
02
01
01
ff
04
09
0c
0e
11
16
1b
17
25
2f
2c
28
2b
2d
2b
29
1b
22
22
1e
17
0d
04
fa
f3
ef
ef
f0
ef
ee
eb
e8
e4
e2
e3
ee
ee
df
d8
dd
de
d7
d6
d7
d9
da
da
d7
d4
d2
e0
d9
d6
da
d9
d3
d4
da
e7
25
f0
cd
e6
db
d3
d9
ec
ef
ee
ea
e9
eb
e7
e0
e3
e5
ef
f0
f9
f5
f7
f4
ff
00
02
05
08
0b
0d
0e
01
06
0a
0c
0e
11
18
1d
29
3a
44
3c
30
2c
2b
29
39
28
29
2d
29
20
17
0d
05
ff
fd
f5
f6
f5
f3
f1
ee
ea
e8
ee
e5
e4
eb
e5
d7
d5
df
db
dd
df
e0
df
dd
da
d8
e7
df
dc
de
da
d3
d3
d8
d0
10
e0
c2
e1
db
d7
e0
d3
de
e4
e1
e5
f0
f3
ed
e3
e8
e9
f2
f1
f8
f6
f8
fa
fb
ff
04
09
0e
11
13
02
06
09
0b
0c
11
18
1e
2a
3b
45
3d
31
2e
2c
2a
48
35
34
35
2b
1b
0c
04
04
09
0e
00
ff
fc
f9
f6
f3
f0
ef
f7
e2
df
f1
f1
de
d8
e4
e4
e5
e5
e5
e4
e3
e1
e0
e8
e2
e0
e3
e0
d8
d6
da
ce
fb
d9
cc
e0
d8
df
e2
d7
e6
e9
dd
da
e2
e3
da
e6
ed
e6
f7
ed
fe
f8
ff
01
02
03
05
07
09
0a
0b
05
07
0a
0b
0c
11
19
20
1d
2c
36
33
2f
32
34
31
4e
3a
38
2c
23
16
0b
06
06
0b
0f
0b
08
02
fc
f8
f6
f6
f6
f9
ed
e6
ee
f6
f3
e8
e0
ed
ec
ea
e8
e8
e8
e9
e9
e4
df
e2
e9
e8
e0
dd
e1
e5
f5
e2
e9
e8
d9
eb
e5
ff
10
0f
fb
f0
f4
f2
e5
ec
f4
e7
fe
ee
07
fd
08
08
08
08
08
08
08
08
08
09
0b
0d
0e
0f
15
1d
25
1e
28
2d
2d
31
3a
3d
39
47
36
36
22
22
22
20
1c
16
11
0d
13
0e
06
fe
f9
f8
f9
f9
f6
f9
f0
e8
f5
07
f9
da
f2
f0
ed
ea
e9
eb
ed
ee
de
dc
e1
ec
ee
e7
e4
e7
e4
e1
dd
f7
ec
de
fc
f1
e0
f5
fa
ea
e4
f0
f2
e7
f1
fa
ea
03
f0
0d
01
0f
09
09
0a
0a
0a
0a
0b
0b
0d
0f
11
11
12
18
21
29
2b
2f
30
30
36
42
43
3c
3f
2e
31
2c
26
1f
1a
18
15
11
0d
05
0b
0d
04
fc
fc
00
02
ff
09
07
f9
f2
f8
f9
f3
eb
ed
ef
f0
f1
f2
f1
f1
f0
f0
f6
fb
ef
df
e0
ef
e5
ea
ef
f1
f1
f1
f4
f7
08
0a
09
02
f5
f0
f1
f6
f2
03
f8
03
01
f7
10
0c
1b
1e
19
0f
0c
12
13
0e
09
25
16
26
19
4a
35
29
32
37
3d
35
42
47
4a
3e
2a
2c
34
2d
2b
25
1f
18
13
10
10
0a
0e
0f
08
02
01
05
07
02
0a
09
fc
f6
fa
fc
f7
f7
f8
f7
f5
f4
f1
ef
ee
ef
f1
fa
00
f7
e9
e9
f5
ee
f2
f8
fa
f9
f9
fc
ff
02
03
02
ff
fc
fb
fd
00
fb
06
f6
05
09
00
12
05
16
1c
1c
17
19
21
23
1f
29
21
23
22
2f
2d
31
2f
46
2f
34
3f
5c
50
51
4a
41
2e
23
3d
3e
3b
32
24
1c
1c
20
0b
0b
0b
08
04
02
05
09
06
0c
0b
01
fb
fd
ff
fc
fe
fe
fc
fa
f8
f6
f4
f3
f0
f4
fe
04
ff
f3
f2
f9
f6
fb
00
02
01
01
03
06
18
13
0c
08
06
03
ff
fc
05
0c
fc
11
1d
16
22
0e
1f
28
2c
2b
2f
37
39
34
45
26
3c
37
5a
2c
40
43
20
56
4f
60
2d
54
2f
27
1b
d7
9a
48
4c
4b
3f
2d
23
24
2b
15
10
0f
11
0f
0b
0c
11
0a
0c
0c
05
00
ff
01
02
fe
fd
fd
fc
fc
fd
fe
ff
f3
f9
01
05
01
f8
f4
f6
f9
fd
02
04
02
02
04
07
21
1a
12
11
15
15
11
0b
0e
1b
10
26
30
29
37
27
33
3c
41
40
43
49
48
42
4a
39
49
4b
5c
38
3b
3c
51
42
2f
37
44
55
4b
3f
1f
dd
7f
47
4b
4a
3d
2b
20
21
27
27
1c
19
1f
1f
17
17
1e
0f
0e
0e
0c
07
02
05
09
05
04
02
00
00
01
02
04
fa
00
05
04
00
fa
f5
f1
fa
fe
03
04
02
01
03
05
0b
09
0a
13
22
2c
30
2f
1b
2f
27
38
37
2a
3c
33
38
41
47
46
49
50
50
49
44
4d
40
4b
37
47
39
3e
5f
2a
67
44
3b
80
86
9b
ca
d9
9c
4f
50
4c
41
33
29
28
2b
2c
1c
17
20
20
15
13
1b
18
14
14
15
11
0a
0c
15
16
13
0d
08
04
03
03
04
06
0c
0c
06
03
03
fe
f7
02
06
0b
0b
09
08
09
0c
0e
0e
11
19
23
2c
32
34
2b
3f
35
3e
36
24
36
2e
31
3a
3f
3f
44
4e
51
4c
43
55
3e
52
36
64
5d
6d
34
51
52
46
de
a6
88
a9
75
a8
7b
59
55
4f
46
3e
37
33
31
31
1d
16
21
22
13
0f
18
23
1d
1e
22
1e
14
17
22
21
1d
16
10
0c
0b
0c
0d
14
19
16
0c
0c
13
11
08
13
16
1b
1b
18
17
18
1a
26
28
29
28
26
27
2b
2e
38
45
34
3e
3a
2c
3d
31
37
3e
3f
3b
40
49
4e
4a
4c
4b
4d
5b
4e
43
3c
48
7a
43
9d
96
62
d2
9d
92
a9
c7
88
56
50
48
40
3c
37
31
2d
41
2b
23
2e
30
1f
1a
23
2c
25
25
2a
27
1c
1f
2b
21
1e
19
15
14
15
19
1b
1d
21
1d
12
15
20
21
18
21
24
29
29
26
24
25
28
2a
30
34
33
30
31
38
3e
3e
44
2e
3c
44
3e
4d
3d
47
4b
47
3f
3f
47
4a
46
58
3d
59
54
4c
e6
cd
c7
fa
8a
91
96
d6
6e
88
a3
97
bd
93
4e
48
40
62
53
38
4e
3a
3f
46
4a
45
38
2a
23
21
30
2f
2d
2c
2c
2c
2d
2e
1f
1e
1e
1d
1d
1b
1b
1b
18
23
2e
2f
28
23
27
2c
2e
2d
2c
2a
29
29
2a
2a
2b
2a
29
2b
2f
37
3e
43
5b
44
39
41
45
3f
43
52
4f
49
56
57
64
52
36
4f
60
44
5e
5c
0d
cc
e1
5b
92
7c
7a
aa
84
8a
8c
a9
ba
aa
8f
6d
4c
52
3c
32
4f
4d
48
3c
3c
3a
37
33
33
36
3a
2f
30
2f
30
2f
2f
2f
2e
29
29
29
29
29
28
29
29
2c
2e
2d
27
20
24
32
3f
3b
3a
37
33
30
2e
2e
2d
26
27
28
2d
33
3c
45
4b
3a
45
50
4f
47
40
43
49
33
59
43
37
3b
7d
5f
58
53
71
7d
af
93
a0
df
cb
a3
91
93
a4
82
7f
88
98
c0
b1
96
55
3d
6d
4b
43
6d
40
30
48
44
3d
3b
3b
3a
39
37
39
3b
3d
3f
3f
3d
3b
39
31
31
32
33
35
36
37
37
38
38
34
2d
28
2e
3c
49
39
38
36
33
31
31
31
32
33
34
35
3a
40
48
4f
54
44
50
54
4d
4f
5c
67
69
78
64
5b
6e
74
4b
48
79
5a
6f
71
b1
98
a4
c3
97
87
7f
92
87
7a
79
9a
9a
a8
9f
8c
5d
4e
5e
4e
3b
4a
49
40
45
42
3f
41
43
3e
32
27
3b
3e
42
45
46
44
40
3d
32
33
34
37
39
3c
3d
3e
38
3c
41
40
3d
3e
41
45
37
37
37
39
3b
3e
41
43
4f
4f
4e
50
52
57
5a
5d
69
5a
52
5a
6b
74
70
6a
50
67
77
49
9c
75
62
04
a2
aa
ac
a7
7f
a6
99
c2
8a
8b
ac
8c
91
96
c7
bb
9e
98
8b
27
47
45
85
6d
32
65
51
41
3d
3a
3c
41
40
39
31
30
34
39
3c
3d
3b
38
36
36
36
38
3b
3e
41
43
44
3f
43
47
48
47
48
49
4a
48
48
48
4a
4d
51
54
56
5c
5c
5c
5d
5f
62
64
65
6d
5c
5f
75
7b
68
57
57
79
66
64
8b
48
85
7b
c5
a6
af
a1
9c
66
99
88
b4
95
95
af
87
88
8b
b6
a2
aa
a6
97
87
be
b4
22
19
d6
42
3b
5a
53
49
44
42
41
40
40
33
36
39
3c
3e
3d
3c
3b
3e
3e
40
43
46
48
4a
4b
4e
4a
45
42
44
4a
51
55
54
54
52
50
50
51
52
53
55
57
59
5d
61
65
67
69
63
62
65
6a
64
5f
69
7b
70
5b
ab
cc
a0
c4
a4
9b
88
73
95
82
8c
86
9b
c5
90
8c
99
83
7a
83
9d
8c
98
97
8c
ab
b1
81
ab
a7
b2
48
72
3e
45
4a
4d
4a
45
42
40
3e
3f
41
43
44
45
47
47
42
43
45
46
49
4a
4c
4d
4d
4a
47
47
4a
4e
51
52
53
52
50
4e
4d
4d
4e
4e
52
55
57
5b
5f
61
62
63
5e
6f
6a
55
5b
76
72
55
6c
21
6d
98
89
7e
96
bd
ac
82
a0
ad
aa
7f
72
a0
a4
9b
9a
a5
91
a5
ac
a5
97
97
8d
9b
9f
9b
9c
88
98
db
ed
e6
02
29
45
50
4c
44
3f
3f
3f
3f
40
41
44
47
48
42
43
44
45
47
48
49
4a
3f
44
4c
55
59
55
4b
43
53
52
52
52
54
56
59
5a
5a
5b
5c
5d
5d
5d
5b
5a
56
7a
78
5e
75
8f
42
c9
cb
dd
b4
7c
bf
78
bd
7a
8d
9a
85
a8
74
b8
81
9e
a4
95
86
a2
81
98
8d
8c
c5
c0
ad
be
8a
aa
8e
9a
a4
85
ab
5e
f5
a9
89
b3
a3
35
5d
50
21
b5
4a
2f
a9
3b
3a
40
4b
56
47
5f
3e
63
4f
62
41
53
5c
56
4a
49
69
6d
4a
4c
70
3c
5e
63
46
57
4c
59
6a
5e
52
67
67
61
80
74
50
74
83
72
c7
84
bb
af
a6
a6
9a
a3
9a
b7
a0
8e
8f
92
8e
90
98
bd
85
7e
b5
8d
b6
b8
97
85
82
99
ae
b5
c5
93
9a
b5
9f
74
8a
86
a0
7f
a1
89
ac
6c
97
a4
aa
6f
99
94
53
35
50
40
36
54
58
4e
44
49
50
68
58
53
59
6e
47
50
2f
8d
7b
36
52
69
59
63
71
68
6f
71
5b
6a
4e
71
64
77
6a
c6
d2
59
a6
d7
c1
c4
99
98
a1
90
a2
b1
8d
92
99
94
85
81
9e
c2
b1
91
be
9f
92
8c
c1
94
7d
8e
b2
15
ca
b9
db
c8
ac
9d
b8
c2
98
7b
ae
78
9c
7f
a5
81
7f
aa
94
8c
a5
a1
8a
8b
90
bb
29
3b
5a
3b
67
3b
63
43
45
4d
6a
53
6d
98
20
b8
b8
67
66
5f
74
4e
53
5c
66
5b
58
11
4d
7d
72
b8
9c
97
8b
da
a5
b3
bf
a1
ae
bd
a1
95
89
9c
99
9c
a3
a2
99
94
96
a7
a4
93
a2
6f
b6
b3
8a
8d
a0
c0
7f
55
9e
d2
c1
a6
df
c9
b5
9d
da
7e
a1
b0
bc
90
be
81
79
9f
87
a2
75
a6
95
84
93
b1
a6
c0
c5
06
51
49
52
6c
65
42
5e
6f
53
04
af
b6
5d
ae
a0
6b
73
7c
68
6e
63
da
87
a6
6f
c1
7f
95
ae
9d
c6
bf
bb
cf
a1
8c
95
98
ab
a7
96
8b
85
8d
98
99
8d
83
a9
b2
85
b6
71
d1
ba
b4
b3
b2
b8
e4
dc
75
22
cc
1f
2c
8a
df
b8
db
d4
c6
d5
bb
c6
a4
ae
bf
97
a6
7b
94
8e
84
7e
94
83
95
92
ad
bc
a3
81
d6
1d
46
26
81
50
5a
b7
7d
79
be
89
bd
e6
55
61
42
62
7e
a2
91
95
59
c6
c9
9c
a1
aa
a3
68
88
ac
a8
ba
b9
93
98
a3
94
a0
a5
9b
93
a1
c4
e0
c7
cb
e7
cc
b9
a9
e1
00
d9
d6
cc
7a
af
c1
ed
8b
d3
b3
5e
d7
b6
2a
f0
35
cc
dd
a0
a5
cd
a7
be
ce
c2
ce
c4
af
b5
b3
a0
bf
8e
a6
74
91
71
8d
9c
b8
a9
03
9b
93
97
7f
83
b3
9d
88
a8
65
60
38
48
56
96
a2
9e
b9
a1
91
8d
98
8d
d0
9b
bf
ac
86
a1
a2
79
a5
ed
b4
bd
bf
b6
b0
b5
bc
bf
f5
f1
fc
ed
e7
cc
e9
09
f7
06
00
bd
5a
bc
b9
05
24
26
c2
fd
5c
3d
b2
a1
1e
4d
d0
13
34
06
7c
63
48
c7
c3
cf
e5
a9
c3
c2
98
e6
d6
b0
dc
aa
b7
b2
a9
df
cb
c8
c2
9b
b1
75
a8
a8
be
bf
b9
bf
cb
c1
ae
a4
ba
da
9d
dd
ad
b8
c2
8d
e5
cb
d6
c1
de
f2
d3
d3
d9
0c
07
fe
fb
06
0f
ff
e6
f3
f6
e0
ee
ff
0d
f1
eb
f9
0e
09
19
16
dd
55
cb
12
00
d1
f5
db
ab
af
9d
8e
d0
d0
92
a3
ab
a3
c7
d3
b2
d9
8f
f5
df
57
1d
c2
f3
ef
b0
37
f2
34
04
c8
c4
25
d7
2b
c5
c1
b1
2d
ef
00
f2
ec
18
11
d7
4f
04
2c
ff
3f
04
17
38
03
0c
10
fb
32
13
ff
25
43
2d
e0
c7
d2
cf
bf
c5
ec
1b
38
c6
d7
11
ca
2a
fa
1a
ef
e3
ee
e2
89
9f
d3
a1
a6
a0
9f
93
eb
fc
5d
dd
18
f8
40
9f
c7
73
ea
d6
b6
b6
ed
e3
b0
ca
e8
bd
df
97
e1
bb
b4
d1
b8
f0
dd
01
20
41
de
ae
a7
bf
ba
b6
cf
e3
51
53
23
0f
dc
1e
0e
ea
4f
db
09
ea
2a
05
19
ee
4f
1a
55
9c
ac
2d
4f
ed
17
b6
08
fb
13
09
ea
e5
fb
0d
c4
3b
da
b2
22
bb
cf
e0
e3
97
a8
93
95
75
9f
91
9b
79
b3
9b
b6
97
fa
a1
be
0b
fb
bd
9f
d9
ca
d9
b5
ac
a0
9d
ca
c1
bd
d1
d3
04
42
14
74
03
07
ab
a5
ae
9d
a8
bc
c9
ec
19
28
2d
11
3e
f8
f9
1c
f4
de
b5
09
9c
bd
0f
16
23
e4
05
36
ea
fb
15
f5
45
db
d0
d9
18
f8
c5
d5
e8
22
31
d2
33
40
23
ef
d2
fb
e7
cb
ba
87
8e
88
99
a3
99
9c
89
b0
99
a4
be
ae
c6
78
bc
ae
aa
ac
77
e1
cb
80
b1
93
b1
c2
a2
98
1c
3a
05
6a
4a
02
d9
b7
9a
b4
b8
9a
a0
b3
ba
c2
ee
11
0a
a6
c6
2a
ee
ad
00
c0
04
44
0d
ee
b2
cf
b4
9c
d1
52
33
ef
c8
c8
c7
ad
d0
f7
c1
ea
d1
0a
b0
ea
2d
26
e5
17
ad
9e
b8
2d
af
1d
0c
f5
b1
ab
78
95
82
8a
91
96
ba
a4
cb
13
b2
92
9a
c0
90
9c
e6
d9
b2
cf
ab
a5
e4
de
58
25
f0
da
2b
66
d8
e4
a6
d4
a0
ad
92
95
a5
a1
ad
b1
ab
b9
bc
a2
a9
c9
5a
d8
05
f6
db
cb
14
bf
27
6f
e0
f4
88
ae
96
bc
b7
ba
cf
d0
e1
cc
d1
0c
c2
9f
ce
21
f7
af
23
9b
f0
85
d9
d0
98
bd
b5
f0
03
97
88
b4
a0
db
a8
d5
ca
d3
dc
8c
d5
f9
a9
c9
8d
d1
f7
e1
9c
e2
ae
bd
c7
d9
fe
44
e5
fc
49
26
a9
c6
c6
88
ac
8d
a0
9d
a5
b4
93
91
a1
a0
9e
9b
89
95
f4
f8
b3
92
d9
e8
0b
f2
e1
da
af
e1
f8
71
da
d6
95
4b
e3
e2
19
dd
dc
06
d3
d5
c2
1f
a8
c2
d6
3b
88
c5
b3
a8
b5
c1
c9
d4
0c
1f
9d
98
cd
b3
bc
ad
9a
a1
d0
53
bd
d8
77
22
71
56
b6
e9
ab
5a
ce
ef
c4
a7
d8
ed
e1
01
c9
de
a3
bd
ac
a2
a4
9b
bd
8e
ad
94
c7
9b
8d
9b
9e
a5
b2
b1
a7
dc
e4
86
c3
c3
0e
25
ab
63
1e
c9
b5
bf
b3
a2
ef
eb
d1
ec
f3
a7
6d
0b
bc
d2
c8
b7
9a
9f
97
b7
ad
ee
b0
bc
cb
a5
c2
9f
a4
9c
a8
c1
d0
b8
ef
93
4b
f6
59
d2
85
f7
0b
b9
b3
0c
23
00
fb
e1
b1
eb
a9
16
18
05
59
f2
ca
9f
d9
9c
8b
92
a6
79
b2
8e
a5
9a
a3
bf
ab
a5
9d
93
a8
bd
b6
a9
a6
90
c2
ef
03
86
9e
8e
c4
9e
ad
4a
2d
b1
b5
b1
89
a1
a9
c1
ab
df
cc
10
b4
f3
e0
03
c9
d9
00
28
8a
ca
bb
aa
ba
95
f8
d2
af
ac
df
b8
4c
d3
0f
fe
c8
ba
1e
c8
b2
b9
c6
f0
87
b7
d5
d8
c9
b3
aa
cf
e7
a3
b5
02
c6
ab
cc
9b
91
a6
b0
aa
9d
94
a1
7d
9d
92
95
a8
b5
9c
87
a3
b5
9d
ad
91
bf
b1
b0
bf
a2
75
18
5d
99
1a
ea
9b
a9
91
a0
91
98
8a
b5
e0
b1
c6
cf
bd
08
c9
d1
20
0a
d9
d9
bb
cd
93
cd
e1
b3
8f
a6
ab
ba
63
7b
e5
c4
d8
b6
bb
ae
c0
9a
7f
bb
c4
db
c3
c5
dc
f2
98
9e
d2
b3
b0
ac
a3
a5
a2
9d
9f
a1
97
88
98
98
96
92
8f
91
97
9d
94
8f
a7
b3
98
8a
96
9c
83
d0
97
a5
f8
60
34
dd
da
52
d0
70
a5
83
9b
d0
8d
be
bc
f4
be
a7
88
ec
d5
99
6a
d1
d7
ef
fd
d2
c3
a9
f9
d4
bc
b8
c8
dc
05
cd
be
0f
61
d8
f0
b2
ba
a9
cc
a3
96
bb
f4
ba
da
e6
cf
cd
e4
07
d1
8c
9e
a3
75
98
9b
98
92
94
9b
9a
92
95
99
9d
9d
99
97
98
9a
9b
82
8a
a1
a3
a5
a6
97
a3
89
8c
9f
03
d8
f0
d4
e6
17
ae
81
a0
e4
c8
b1
ea
54
1f
d7
81
fa
ae
74
bf
e5
a9
b4
8d
9f
91
b6
ee
a6
d2
e3
f5
d3
ac
0b
cc
b6
bc
79
b7
a1
a6
d1
99
a2
8e
a3
b5
ac
c2
b7
e0
c3
a4
c2
8b
a7
91
8d
a6
8c
b3
90
95
93
89
87
8f
95
94
9c
9e
9f
9c
99
99
9d
a1
a1
87
8b
9d
9d
a2
a3
92
c4
91
86
e1
d9
a5
b6
da
7b
d3
ce
a6
f6
b4
a5
8e
c7
a3
13
6a
be
9b
24
8c
89
9c
56
cf
c0
97
7f
bd
b0
17
9b
b8
c3
a6
5b
8b
c2
c5
d5
c2
dd
81
96
7d
95
93
aa
a6
20
f2
c2
cf
dd
b4
f4
59
b1
a3
af
7e
82
81
6f
8d
96
96
8b
84
87
8c
8d
a6
a2
9a
92
8e
94
a0
ab
89
8b
a1
a4
8b
8b
a1
a6
bd
b5
a8
f0
a9
aa
b7
bf
e8
83
e6
0a
a3
dd
81
ad
9e
30
b5
a4
a2
7e
2e
c1
90
ab
a0
93
c8
8d
97
9a
c4
e4
a7
84
93
e9
99
c8
d1
c9
d8
b5
e7
c9
e3
a4
ab
a6
cc
c0
ee
b5
ac
d3
f8
b5
a6
a1
e3
98
7f
b2
98
87
9e
87
93
99
91
8b
8b
8d
8b
9d
9c
99
94
90
93
9b
a1
75
84
a2
a3
86
8a
a8
b3
9c
9f
c4
a8
a5
88
c4
8c
94
92
8c
f5
52
d1
e6
83
9e
55
09
8a
cf
e3
6e
bf
8c
a2
91
89
37
a8
a7
fe
e5
90
f1
99
b4
a7
aa
ba
c2
9d
ab
c3
b1
b3
9e
ae
b1
e3
fc
b7
b7
df
f9
99
a9
b1
8d
77
a3
82
97
8f
69
8f
80
80
8c
93
92
93
97
97
91
8b
93
9b
9f
9b
96
92
90
90
8e
9b
9b
8b
93
9d
8e
94
9d
a0
a5
9d
8d
ad
95
97
dc
93
1f
ae
94
2a
a0
ae
b9
72
99
a6
d2
aa
98
64
a1
ed
b4
67
be
aa
86
ae
c3
1f
8c
f2
b6
83
bd
b8
84
93
d2
c3
9d
e7
b5
f0
ab
ac
c1
ac
9c
b4
80
80
82
a2
a2
a1
7e
8d
ab
89
81
ad
87
8c
8d
8c
92
9b
9b
94
8f
94
99
9a
97
94
93
94
9d
93
98
98
8f
99
96
77
a1
b5
7d
b7
97
a0
95
bb
d1
d8
77
e5
95
a8
74
a2
83
c1
ed
ac
88
b5
b8
c0
bf
ec
27
d9
f3
8e
be
b9
a2
22
66
39
c2
7f
9c
a1
ad
8a
9d
cb
ab
b7
bf
ac
b7
b0
b6
bf
10
a8
85
aa
87
89
6f
9e
89
c4
94
62
a0
9c
7a
94
93
8b
86
8d
98
97
8f
a1
9c
93
8a
87
8d
9b
a6
7b
80
93
98
90
9f
a8
92
a4
aa
8f
81
ad
7c
9c
ba
ae
ad
8a
aa
88
94
cb
7e
c7
9f
94
97
b5
a1
96
93
75
88
e7
7a
a5
e0
7f
b4
9e
13
10
8b
79
f3
7a
7b
8a
81
a1
ce
a1
97
bd
ce
af
95
97
87
9b
98
8e
90
8a
8c
a4
93
97
98
93
8b
86
8a
8f
9b
98
94
8e
8a
86
85
84
8d
9d
a0
91
8d
94
8c
79
c6
a6
8c
8d
99
9a
90
88
9f
83
e5
99
90
a4
83
8e
9c
01
a2
91
8f
bb
77
c5
25
92
93
89
ab
7b
93
a7
ec
86
3a
99
f7
d1
7e
91
8f
8e
ac
a6
68
3e
8b
80
e1
9f
62
a7
90
90
ab
b4
a0
93
9a
92
9b
8b
7c
82
84
8d
a9
8f
91
8f
8a
86
86
8e
96
8f
8e
8f
90
92
95
99
9a
84
90
90
84
85
94
96
8a
8b
91
9c
a2
99
8d
90
9c
bb
7f
9c
83
a7
db
af
8c
9c
7e
cd
7f
b1
c6
29
c2
e2
a6
80
7b
89
9a
7c
98
88
b1
6a
a6
fe
73
34
94
9e
8d
4a
25
25
5d
97
0e
9b
a7
9a
89
8b
92
99
97
8f
90
98
8e
94
82
77
83
86
88
9b
8f
8e
8a
87
86
8b
96
9e
89
8a
8c
91
97
9d
a3
a6
99
a0
9c
91
94
a6
af
ab
96
8a
88
94
9d
96
89
82
a2
94
92
98
90
b0
a0
82
c4
88
ba
9e
6e
9b
ed
92
d2
8c
8a
b4
6e
a9
9b
92
84
86
a9
63
ac
a9
d0
17
a1
cb
a0
86
c4
ab
d3
b4
ad
de
8a
8a
96
9a
8f
88
8b
8d
8c
85
92
8d
90
a2
9b
88
8a
91
90
8e
8d
8e
92
99
9d
8d
8d
8d
8f
91
94
97
99
88
8c
85
7a
7b
87
8e
8c
b3
95
7f
85
97
9d
97
90
94
c6
c3
df
9c
97
a7
9a
88
a8
73
b6
85
bf
bb
26
27
b9
a8
8c
fe
b1
81
76
8b
86
62
a1
a2
8b
df
83
9e
b5
a7
95
f9
66
8e
7b
dd
e9
24
90
98
95
88
85
8e
8c
81
85
94
95
9d
b1
a6
8b
87
8e
8d
8e
90
91
91
8f
8d
8d
8b
89
87
85
85
85
85
96
98
95
8f
8e
92
93
90
94
93
93
90
89
8d
a7
c4
85
ac
94
c8
9e
9c
b0
90
ad
cb
a4
8d
b3
7c
75
e3
a3
9b
ae
32
8f
ea
d3
18
d4
af
db
68
64
bd
7e
25
a5
6c
9e
a7
6d
ce
d5
c5
b2
a3
20
