17
15
14
12
0f
0d
0b
0a
08
08
08
08
08
08
08
08
08
08
08
08
08
08
08
08
08
08
08
08
08
08
08
08
05
05
05
05
05
05
05
05
09
0a
0b
0c
0d
0e
0f
10
17
16
14
12
10
0d
0b
0a
08
08
08
08
08
08
08
08
08
08
08
08
08
08
08
08
08
08
08
08
08
08
08
08
08
08
08
08
08
08
08
08
0c
0d
0d
0e
10
11
12
12
18
17
15
13
10
0e
0c
0b
09
09
09
09
09
09
09
09
09
09
09
09
09
09
09
09
09
09
09
09
09
09
09
09
0d
0d
0d
0d
0d
0d
0d
0d
10
10
11
12
14
15
16
16
19
18
16
14
11
0f
0d
0c
0a
0a
0a
0a
0a
0a
0a
0a
0a
0a
0a
0a
0a
0a
0a
0a
0a
0a
0a
0a
0a
0a
0a
0a
11
11
11
11
11
11
11
11
13
14
14
16
17
18
19
19
1a
19
17
15
13
10
0e
0d
0b
0b
0b
0b
0b
0b
0b
0b
0b
0b
0b
0b
0b
0b
0b
0b
0b
0b
0b
0b
0b
0b
0b
0b
14
14
14
14
14
14
14
14
14
15
16
17
18
19
1a
1b
1b
1a
18
16
14
11
0f
0e
0c
0c
0c
0c
0c
0c
0c
0c
0c
0c
0c
0c
0c
0c
0c
0c
0c
0c
0c
0c
0c
0c
0c
0c
14
14
14
14
14
14
14
14
13
14
15
16
17
18
19
19
1c
1b
19
17
15
12
10
0f
0d
0d
0d
0d
0d
0d
0d
0d
0d
0d
0d
0d
0d
0d
0d
0d
0d
0d
0d
0d
0d
0d
0d
0d
13
13
13
13
13
13
13
13
11
12
12
13
15
16
17
17
1c
1b
1a
17
15
12
11
10
0e
0e
0e
0e
0e
0e
0e
0e
0e
0e
0e
0e
0e
0e
0e
0e
0e
0e
0e
0e
0e
0e
0e
0e
12
12
12
12
12
12
12
12
0f
10
11
12
13
14
15
16
16
17
18
19
1a
1b
1c
1d
17
17
17
17
17
17
17
17
12
11
10
0f
0e
0d
0c
0b
13
12
11
10
0f
0e
0d
0c
12
12
12
12
12
12
12
12
0e
0f
10
10
12
12
14
14
16
17
18
19
1a
1b
1c
1d
17
17
17
17
17
17
17
17
14
14
13
12
10
0f
0f
0e
15
14
13
12
11
10
0f
0e
11
11
11
11
11
11
11
11
11
11
10
10
10
10
10
0f
16
17
18
19
1a
1b
1c
1d
18
18
18
18
18
18
18
18
18
18
17
16
14
13
13
12
18
17
16
15
14
13
12
11
11
11
11
11
11
11
11
11
14
13
11
0f
0d
0b
0a
09
16
17
18
19
1a
1b
1c
1d
19
19
19
19
19
19
19
19
1c
1b
1a
19
18
17
16
15
1a
1a
19
18
16
15
14
14
0f
0f
0f
0f
0f
0f
0f
0f
15
14
11
0e
0a
07
04
03
16
17
18
19
1a
1b
1c
1d
1a
1a
1a
1a
1a
1a
1a
1a
1d
1c
1b
1a
19
18
17
16
1a
1a
19
18
16
15
14
14
0e
0e
0e
0e
0e
0e
0e
0e
13
11
0e
0b
07
04
02
00
16
17
18
19
1a
1b
1c
1d
1b
1b
1b
1b
1b
1b
1b
1b
1c
1b
1a
19
18
17
16
15
18
17
16
15
14
13
12
11
0d
0d
0d
0d
0d
0d
0d
0d
0d
0c
0a
08
06
04
02
01
16
17
18
19
1a
1b
1c
1d
1c
1c
1c
1c
1c
1c
1c
1c
19
19
18
17
15
14
14
13
15
14
13
12
11
10
0f
0e
0c
0c
0c
0c
0c
0c
0c
0c
06
06
06
05
05
05
05
05
16
17
18
19
1a
1b
1c
1d
1c
1c
1c
1c
1c
1c
1c
1c
18
17
16
15
14
13
12
11
13
12
11
10
0f
0e
0d
0c
0c
0c
0c
0c
0c
0c
0c
0c
01
02
03
04
05
06
07
07
04
06
08
0c
10
14
17
18
18
17
15
14
17
1b
1f
23
1c
1c
1c
1b
1b
1b
1b
1b
0d
0d
0d
0c
0c
0b
0b
0b
0a
09
07
06
03
02
00
ff
fe
fe
fe
fe
fe
fe
fe
fe
01
03
05
08
0c
0f
11
13
14
12
10
0f
11
15
19
1c
1b
1b
1a
19
18
17
16
16
0f
0e
0e
0d
0d
0c
0b
0b
09
08
07
06
04
03
01
00
04
04
04
04
04
04
04
04
fe
ff
00
02
05
07
08
09
0c
0a
08
06
08
0b
0f
12
18
18
16
14
12
10
0f
0e
11
10
0f
0e
0d
0b
0a
0a
07
07
06
05
04
03
02
01
07
07
07
07
07
07
07
07
fb
fb
fc
fc
fd
fe
fe
ff
04
01
ff
fd
fd
00
03
06
11
11
0f
0d
0b
0a
08
07
11
10
0f
0d
0b
09
07
07
03
03
02
02
02
01
01
01
fe
fe
fe
fe
fe
fe
fe
fe
fa
f9
f9
f8
f7
f7
f6
f6
fd
fa
f7
f4
f4
f6
f9
fb
06
06
05
05
04
04
04
04
10
0e
0c
0a
07
04
02
01
fc
fc
fc
fd
fd
fe
fe
fe
f2
f2
f2
f2
f2
f2
f2
f2
fb
fa
f8
f7
f4
f2
f0
f0
f9
f6
f2
ef
ee
ef
f1
f3
f7
f9
fa
fd
ff
01
03
04
0c
0a
08
05
01
fd
fb
f9
f3
f4
f5
f6
f7
f8
f9
f9
ee
ee
ee
ee
ee
ee
ee
ee
fd
fc
fa
f7
f3
f0
ee
ec
f7
f4
f0
ec
ea
eb
ed
ef
ea
ed
f1
f6
fc
00
05
07
07
06
03
ff
fb
f7
f4
f2
eb
ec
ed
ef
f1
f2
f3
f4
f6
f6
f6
f6
f6
f6
f6
f6
ff
fe
fb
f7
f3
ef
ed
eb
f7
f3
ef
eb
e9
ea
eb
ed
e2
e5
eb
f2
fa
00
06
09
05
03
00
fc
f7
f3
f0
ee
e6
e7
e9
ea
ed
ee
f0
f1
01
01
01
01
01
01
01
01
f6
f9
fd
00
ff
fa
f5
f0
e8
e8
e7
e6
e5
e5
e3
e3
fc
fd
00
03
06
09
0b
0c
06
06
06
06
06
06
06
06
05
02
fe
f9
f3
ee
ea
e8
e2
e3
e6
ea
ef
f3
f6
f8
fc
fd
fd
fb
f6
ed
e5
e0
eb
eb
ec
ec
ec
ed
ed
ed
fd
fe
00
03
06
09
0b
0c
06
06
06
06
06
06
06
06
03
01
ff
fb
f7
f3
f1
ef
ea
ea
ec
ef
f1
f4
f6
f7
fa
f9
f7
f2
eb
e1
d9
d5
f0
f1
f3
f5
f7
f9
fa
fb
fe
ff
01
03
06
08
0a
0a
06
06
06
06
06
06
06
06
02
01
00
ff
fd
fc
fb
fa
f6
f6
f6
f6
f6
f6
f6
f6
e9
e9
e8
e7
e6
e3
e0
df
f6
f7
fa
fd
01
04
06
08
00
01
02
03
05
07
08
08
06
06
06
06
06
06
06
06
01
01
02
02
03
03
04
04
01
00
fe
fd
fb
f9
f7
f6
d7
d9
dc
e2
e8
f0
f5
f8
fb
fc
fe
02
06
08
0b
0d
02
03
03
04
05
05
06
06
06
06
06
06
06
06
06
06
01
01
03
05
06
07
08
09
06
05
03
01
fe
fb
f9
f8
da
dc
df
e6
ef
fa
04
09
fe
ff
01
03
05
07
08
09
04
04
04
04
04
04
05
05
06
06
06
06
06
06
06
06
03
03
04
05
06
06
07
07
06
05
03
02
00
fd
fc
fb
f4
f3
f1
f2
f5
fc
03
07
00
00
01
01
01
01
01
02
05
06
05
04
04
04
03
03
06
06
06
06
06
06
06
06
05
05
04
04
03
03
03
02
02
02
01
00
00
ff
fe
fe
0e
0a
03
fb
f8
f8
fb
fd
01
01
00
ff
fe
fd
fc
fc
06
06
05
05
04
03
03
03
06
06
06
06
06
06
06
06
06
06
05
03
02
01
ff
fe
fe
ff
ff
ff
ff
00
00
00
