01
02
02
04
05
06
07
07
06
06
06
06
06
06
06
06
06
06
06
06
06
06
06
06
04
05
06
07
08
09
0a
0b
07
08
09
0a
0b
0c
0d
0e
12
12
11
10
0e
0d
0c
0c
01
02
02
04
05
06
07
07
06
06
06
06
06
06
06
06
06
06
06
06
06
06
06
06
05
06
06
07
09
0a
0b
0b
08
09
0a
0b
0c
0d
0e
0f
12
12
11
10
0e
0d
0c
0c
01
02
02
04
05
06
07
07
06
06
06
06
06
06
06
06
06
06
06
06
06
06
06
06
06
06
07
08
0a
0b
0c
0c
0a
0b
0c
0d
0e
0f
10
11
12
12
11
10
0e
0d
0c
0c
01
02
02
04
05
06
07
07
06
06
06
06
06
06
06
06
06
06
06
06
06
06
06
06
07
08
08
09
0b
0c
0d
0d
0d
0d
0e
0f
10
11
13
13
12
12
11
10
0e
0d
0c
0c
01
02
02
04
05
06
07
07
06
06
06
06
06
06
06
06
06
06
06
06
06
06
06
06
08
09
09
0a
0c
0d
0e
0e
0f
10
10
12
13
14
15
15
12
12
11
10
0e
0d
0c
0c
01
02
02
04
05
06
07
07
06
06
06
06
06
06
06
06
06
06
06
06
06
06
06
06
09
0a
0b
0c
0d
0e
0f
0f
11
12
13
14
15
16
17
18
12
12
11
10
0e
0d
0c
0c
01
02
02
04
05
06
07
07
06
06
06
06
06
06
06
06
06
06
06
06
06
06
06
06
0a
0b
0b
0c
0e
0f
10
10
13
14
15
16
17
18
19
1a
12
12
11
10
0e
0d
0c
0c
01
02
02
04
05
06
07
07
06
06
06
06
06
06
06
06
06
06
06
06
06
06
06
06
0a
0b
0c
0d
0e
0f
10
11
14
15
16
17
18
19
1a
1b
12
12
11
10
0e
0d
0c
0c
02
02
01
00
ff
fe
fd
fd
01
01
03
04
05
06
07
07
02
03
04
05
06
07
08
09
0b
0c
0e
11
15
17
1a
1b
19
19
18
17
15
14
14
13
18
16
12
0f
0d
0b
0c
0c
fd
fd
fd
fe
fe
fe
fe
fe
01
02
03
04
05
06
07
08
03
04
05
06
07
08
09
0a
09
0b
0d
0f
13
15
17
19
17
16
15
14
13
12
11
10
13
12
0f
0c
09
08
07
07
f5
f5
f7
f9
fb
fd
ff
00
01
01
02
04
05
06
07
07
04
04
05
06
08
09
09
0a
07
09
0a
0c
0f
11
13
14
12
12
11
10
0f
0d
0d
0c
0b
0b
09
07
05
02
00
ff
ed
ee
f1
f4
f8
fb
fd
ff
ff
ff
00
01
03
04
04
05
02
03
04
05
06
07
08
09
05
06
07
08
0a
0b
0d
0d
0d
0c
0b
0a
09
08
07
06
02
03
03
03
00
fc
f9
f6
e8
e9
ec
ef
f3
f6
f8
fa
fa
fa
fb
fc
fe
ff
ff
00
ff
ff
00
01
03
04
04
05
02
02
03
03
04
05
06
06
06
06
05
04
03
01
01
00
fb
fd
ff
00
fe
f8
f3
ef
e7
e7
e9
eb
ee
ef
f1
f2
f3
f4
f5
f6
f7
f8
f9
fa
f9
fa
fa
fc
fd
fe
ff
ff
ff
ff
ff
ff
ff
00
00
00
01
00
ff
fe
fd
fc
fb
fa
f7
fa
fe
00
fd
f7
ef
ea
e8
e8
e8
e9
e9
e9
e9
ea
ed
ed
ee
ef
f1
f2
f2
f3
f3
f4
f5
f6
f7
f8
f9
fa
fd
fd
fc
fc
fb
fb
fb
fb
fc
fc
fb
fa
f8
f7
f7
f6
f5
f9
fe
01
ff
f7
ee
e8
ea
e9
e8
e8
e6
e6
e4
e4
e9
e9
ea
eb
ed
ee
ee
ef
f0
f1
f1
f2
f4
f5
f5
f6
fc
fc
fb
fa
f9
f9
f9
f8
fa
fa
f8
f7
f6
f5
f4
f3
f4
f9
ff
02
00
f8
ee
e8
09
fc
ea
db
d4
d8
e1
e9
e6
ce
d2
ec
ec
d0
cd
e3
f0
ef
ed
ee
f1
f6
fa
fe
f9
04
0e
09
f9
ed
ed
f2
f4
f3
f1
f0
f0
f1
f3
f5
f5
f9
f7
ef
ef
f9
fc
f8
e7
ee
f9
00
ff
f5
e8
df
eb
f2
f5
f0
ef
f1
ed
e5
d5
da
df
e5
e7
e7
e4
e3
d1
df
ef
f5
f1
f1
f8
01
07
06
04
02
01
00
01
01
ec
09
03
dc
d7
f6
f6
d6
0b
06
ff
fa
f8
fc
00
05
e7
05
07
ea
e8
01
fc
dc
da
d5
cf
cc
ce
d4
dd
e2
e0
ce
c3
d5
f5
03
f2
db
ce
d3
dd
ea
f6
03
0c
11
f9
fe
f9
e8
e4
ec
ec
e3
58
45
27
09
f4
ea
ea
ec
eb
fd
ff
ef
ec
f9
f5
e1
ff
f0
db
ca
ca
d9
ed
fc
fa
e8
d8
dc
ea
ed
db
c8
00
fe
fd
f9
f3
ec
e6
e2
f6
ca
d2
12
22
05
13
4e
ed
fc
13
28
34
35
2f
29
13
05
07
1a
19
06
03
11
12
0f
0b
05
00
fd
fc
fa
f3
f2
f0
ed
eb
e9
e9
e9
15
1a
1f
26
29
2a
28
27
5f
26
1b
3d
31
f6
f0
1e
23
26
2b
2c
2a
23
1b
16
3b
21
26
48
4a
2d
2c
48
10
22
39
45
3b
1d
f9
df
a5
e7
20
10
d6
cb
08
4e
44
43
40
38
2c
1b
0d
04
1b
24
26
20
26
38
3f
3a
27
21
18
15
1a
28
37
42
2d
2c
32
40
45
43
44
49
2a
32
3b
3b
2c
11
f5
e2
f9
cb
ad
ce
15
3c
26
fe
07
0f
1a
24
29
2a
26
23
07
26
25
05
07
2d
31
14
ee
fe
17
2f
3f
44
41
3d
01
1f
27
17
1f
3d
40
27
57
42
22
04
f3
f1
f8
00
e1
e5
ec
ec
ec
f4
04
10
17
1f
2c
39
40
41
3e
3b
12
14
0e
00
fa
fe
fe
f8
12
21
29
1d
0c
0f
2c
4b
43
43
44
45
45
46
46
46
1e
1b
14
0d
04
fb
f5
f1
fe
f6
eb
e1
dd
de
e3
e7
e8
f5
06
0f
15
24
39
4b
58
3d
23
22
34
3f
35
26
16
1f
26
27
26
2e
3e
4d
44
42
3e
39
34
2f
2b
29
16
13
0e
08
01
fb
f6
f3
fd
f6
ec
e3
df
e0
e4
e8
e3
ef
fb
00
01
0b
1d
2d
42
3f
40
44
42
31
15
fe
27
25
29
37
48
51
4c
44
39
35
2e
25
1c
12
0b
08
09
08
05
02
fe
fa
f8
f6
fc
f6
ee
e6
e3
e3
e7
ea
e3
ec
f3
f0
eb
ed
fa
07
fa
10
29
36
34
2c
29
2a
43
37
34
44
5a
5c
42
26
1b
18
14
0e
08
02
fd
fb
fe
fd
fd
fc
fb
fa
f9
f9
fa
f6
f0
ea
e7
e8
ea
eb
ed
f3
f6
ed
e1
de
e6
f1
d8
ed
00
03
fe
0c
30
51
56
47
3e
46
51
47
23
02
fa
fa
fb
fd
fe
ff
00
00
f7
f7
f8
f9
f9
fa
fa
fb
f8
f6
f2
ef
ed
ec
ed
ee
f9
fe
ff
f5
e6
e1
e8
f1
e1
f0
fa
ef
dd
de
f9
14
4a
43
3c
37
31
20
05
f0
ee
ef
f2
f7
fc
00
04
05
f7
f7
f8
f8
f9
fa
fb
fb
f6
f5
f4
f3
f2
f1
f0
f0
fb
01
03
fb
ee
ea
f3
fd
c3
d7
ee
f8
f3
e8
e3
e2
23
2a
2c
20
0c
fc
f7
f8
fb
fb
fc
fc
fd
fd
fd
fd
fb
fa
fa
fa
fa
fa
fa
fa
f5
f5
f6
f6
f5
f4
f2
f1
f1
f8
fd
f9
f0
f0
fb
07
d0
d4
e0
f3
01
00
ef
de
00
11
1c
0e
f4
e8
f4
07
0e
0c
08
03
fd
f8
f4
f2
fe
fd
fd
fc
fb
fa
fa
f9
f4
f5
f7
f8
f7
f6
f3
f2
e4
ed
f5
f3
ee
f0
fe
0b
2d
0e
ed
e4
ed
ef
df
cc
