06
06
06
06
06
06
06
06
05
06
07
08
09
0a
0b
0c
0d
0d
0d
0d
0d
0d
0d
0d
06
06
06
06
06
06
06
06
05
06
07
08
09
0a
0b
0c
0d
0d
0d
0d
0d
0d
0d
0d
06
06
06
06
06
06
06
06
05
06
07
08
09
0a
0b
0c
0d
0d
0d
0d
0d
0d
0d
0d
06
06
06
06
06
06
06
06
05
06
07
08
09
0a
0b
0c
0d
0d
0d
0d
0d
0d
0d
0d
06
06
06
06
06
06
06
06
05
06
07
08
09
0a
0b
0c
0d
0d
0d
0d
0d
0d
0d
0d
06
06
06
06
06
06
06
06
05
06
07
08
09
0a
0b
0c
0d
0d
0d
0d
0d
0d
0d
0d
06
06
06
06
06
06
06
06
05
06
07
08
09
0a
0b
0c
0d
0d
0d
0d
0d
0d
0d
0d
06
06
06
06
06
06
06
06
05
06
07
08
09
0a
0b
0c
0d
0d
0d
0d
0d
0d
0d
0d
01
02
02
04
05
06
07
07
04
05
06
07
08
09
0a
0b
0d
0f
11
12
11
0e
0a
07
01
02
02
04
05
06
07
07
05
06
06
07
09
0a
0b
0b
0e
10
12
13
12
0e
0a
08
01
02
02
04
05
06
07
07
06
06
07
08
0a
0b
0c
0c
0f
10
12
14
12
0f
0b
09
01
02
02
04
05
06
07
07
07
08
08
09
0b
0c
0d
0d
10
11
14
15
14
10
0c
0a
01
02
02
04
05
06
07
07
08
09
09
0a
0c
0d
0e
0e
11
13
15
16
15
11
0d
0b
01
02
02
04
05
06
07
07
09
0a
0b
0c
0d
0e
0f
0f
12
14
16
17
16
12
0e
0c
01
02
02
04
05
06
07
07
0a
0b
0b
0c
0e
0f
10
10
13
15
17
18
17
13
0f
0d
01
02
02
04
05
06
07
07
0a
0b
0c
0d
0e
0f
10
11
13
15
17
18
17
14
10
0d
fe
fe
ff
00
02
03
03
04
09
07
05
04
07
0e
15
1a
19
1a
1a
1a
16
10
0b
07
fd
fe
ff
00
01
02
03
04
09
07
05
04
08
0d
14
18
14
16
17
17
15
11
0c
09
fc
fd
fe
ff
00
01
02
03
08
07
06
06
08
0c
11
14
0d
0f
12
14
14
11
0e
0c
fb
fc
fd
fe
ff
00
01
02
06
06
06
07
09
0b
0d
0e
06
08
0c
0f
11
0f
0d
0c
fa
fb
fc
fd
fe
ff
00
00
05
06
07
09
0a
0a
09
09
02
05
09
0c
0d
0c
0a
08
f9
fa
fa
fc
fd
fe
ff
ff
03
05
08
0a
0a
08
06
04
02
04
07
09
09
06
03
01
f8
f9
fa
fb
fc
fd
fe
ff
02
05
08
0b
0b
07
03
00
04
06
07
08
05
01
fc
fa
f8
f8
f9
fa
fc
fd
fd
fe
01
05
09
0c
0b
07
02
fd
07
07
08
07
03
fe
f8
f5
e8
ec
f2
f8
fa
f9
f5
f3
ff
ff
00
01
03
04
05
05
08
06
03
ff
fa
f7
f3
f1
e5
e9
f0
f6
f9
f9
f7
f5
fe
fe
ff
00
02
03
04
04
07
05
02
fe
fa
f7
f4
f2
e1
e5
eb
f1
f6
f8
f9
f9
fc
fd
fe
ff
00
01
02
03
05
03
01
fd
f9
f6
f4
f2
e0
e2
e7
ec
f2
f6
f9
fa
fa
fa
fb
fc
fe
ff
00
00
02
00
fe
fb
f9
f6
f4
f3
e2
e3
e5
e8
ed
f1
f6
f8
f7
f8
f9
fa
fb
fc
fd
fe
fe
fd
fc
fa
f8
f6
f5
f4
e7
e6
e5
e5
e7
eb
f0
f3
f5
f5
f6
f7
f9
fa
fb
fb
fb
fb
fa
f8
f7
f6
f5
f4
ed
ea
e6
e3
e2
e5
e9
ec
f3
f4
f5
f6
f7
f8
f9
fa
f9
f9
f8
f7
f7
f6
f5
f5
f1
ed
e7
e2
df
e1
e5
e8
f2
f3
f4
f5
f6
f7
f8
f9
f8
f8
f7
f7
f6
f6
f5
f5
df
eb
f1
e5
d2
cb
d9
e9
ec
ed
ef
f2
f5
f7
f9
fb
f3
f5
f7
f6
f2
ea
e2
dd
13
f3
cf
c4
d1
e4
ec
e9
e5
e6
e9
ec
f0
f4
f6
f8
ec
ef
f5
f9
fa
f8
f5
f3
13
f8
dc
d5
e2
ee
ee
e7
dc
de
e1
e5
e9
ee
f1
f3
e7
eb
f2
f8
fe
01
02
02
e2
f9
10
10
fb
e6
e0
e4
d7
d8
dc
df
e4
e8
eb
ed
eb
ed
f0
f3
f5
f8
f9
f9
ea
01
18
17
01
eb
e4
e8
d9
da
dd
df
e2
e5
e6
e7
f4
f3
f0
ed
ea
e9
e8
e8
2b
0f
f1
e8
f2
fd
fb
f3
e4
e4
e4
e4
e4
e4
e4
e4
fa
f8
f3
ee
ec
ec
ed
ef
36
15
ef
e0
ea
f9
ff
fc
f1
f0
ed
eb
e8
e5
e2
e1
f8
f7
f7
f9
fe
07
0f
14
08
13
16
06
ef
e5
ef
ff
fa
f8
f4
f0
eb
e6
e2
e0
f3
f4
f9
03
11
21
31
39
0a
1d
3c
11
41
07
11
16
fc
04
0c
00
eb
eb
f6
f7
03
2f
2c
29
34
43
3f
08
1d
d8
51
1d
19
2b
2a
2a
2c
19
21
09
ea
1b
32
ed
1a
1e
26
00
08
38
2e
24
0a
ef
40
09
28
3f
23
55
3b
13
14
f2
cc
1d
3f
d3
21
1c
2e
09
0c
37
28
31
04
26
22
12
36
2c
2f
57
5a
3d
2d
0b
ee
1a
3a
12
fc
44
12
47
42
0a
48
0d
29
1a
30
3f
12
25
3e
31
25
29
07
ee
e3
bf
d1
27
04
e2
40
17
08
23
d6
10
2f
17
4d
3b
11
46
03
32
2e
46
1e
0b
09
b9
bd
50
49
53
3c
4b
31
08
33
48
0e
28
43
35
2a
56
e6
3b
1f
2c
0c
f9
f1
b6
b6
18
28
28
19
25
02
d0
f3
19
00
16
26
62
20
3f
26
21
39
32
1e
06
f3
e3
e5
f8
3b
32
59
60
38
03
f1
22
0d
06
31
1c
53
36
57
49
18
14
0d
03
f9
f0
e9
e5
f5
e8
1a
48
3f
43
3c
07
0e
0c
36
28
55
38
4f
3f
14
10
09
00
f7
ee
e7
e4
e1
f2
05
22
41
40
2a
1e
13
17
3c
38
56
3b
40
2f
0d
0a
04
fc
f3
ec
e6
e3
d5
f8
ed
fb
3a
3c
23
3c
1c
26
40
47
50
3b
2e
1e
06
03
fe
f8
f1
ea
e6
e3
e3
f0
e5
f2
25
38
38
4d
2a
37
3f
4d
40
35
1a
0f
01
ff
fb
f6
f0
eb
e8
e6
ff
e2
e9
fe
08
2f
51
46
3b
47
39
4b
28
2b
08
06
fe
fc
fa
f6
f2
ef
ec
ea
0b
dd
e9
fd
f3
1c
46
2d
4b
54
31
43
10
20
fb
01
fd
fc
fa
f8
f5
f2
f1
ef
fd
e8
de
e2
ed
03
13
0f
54
5a
2c
3d
01
19
f4
00
fe
fd
fb
f9
f7
f5
f4
f3
e9
f5
d0
c4
ee
f1
e1
fc
5e
4f
37
1f
0d
04
02
04
fb
fa
f9
f8
f7
f6
f5
f4
ff
fa
f3
ed
ea
ea
ec
ef
55
47
31
1a
09
01
00
01
fb
fa
f9
f8
f7
f6
f5
f4
fd
f9
f3
ee
eb
eb
ed
ef
45
39
26
12
04
fd
fb
fc
fb
fa
f9
f8
f7
f6
f5
f4
fa
f8
f3
ef
ed
ec
ed
ef
32
29
1a
0a
fe
f9
f8
f9
fb
fa
f9
f8
f7
f6
f5
f4
f6
f5
f3
f1
ef
ee
ee
ee
21
1a
0e
03
fb
f7
f6
f7
fb
fa
f9
f8
f7
f6
f5
f4
f2
f2
f3
f3
f2
f0
ef
ee
12
0e
06
ff
fa
f7
f7
f7
fb
fa
f9
f8
f7
f6
f5
f4
ee
f0
f3
f5
f4
f2
ef
ed
09
06
02
fe
fa
f9
f9
f9
fb
fa
f9
f8
f7
f6
f5
f4
eb
ee
f3
f6
f6
f4
f0
ed
04
03
ff
fd
fb
fa
fa
fb
fb
fa
f9
f8
f7
f6
f5
f4
ea
ed
f2
f7
f7
f5
f0
ed
