17
13
0f
0a
08
08
09
0a
06
06
06
06
06
06
06
06
02
05
08
0a
0a
08
05
17
13
0f
0a
08
08
09
0a
06
06
06
06
06
06
06
06
03
06
09
0b
0b
09
06
17
13
0f
0a
08
08
09
0a
07
07
07
07
07
07
07
07
05
08
0b
0d
0d
0b
08
17
13
0f
0a
08
08
09
0a
08
08
08
08
08
08
08
08
08
0a
0d
0f
0f
0d
0a
17
13
0f
0a
08
08
09
0a
09
09
09
09
09
09
09
09
0a
0d
0f
12
12
0f
0d
17
13
0f
0a
08
08
09
0a
0a
0a
0a
0a
0a
0a
0a
0a
0c
0f
12
14
14
12
0f
17
13
0f
0a
08
08
09
0a
0b
0b
0b
0b
0b
0b
0b
0b
0e
11
14
16
16
14
11
17
13
0f
0a
08
08
09
0a
0b
0b
0b
0b
0b
0b
0b
0b
0f
12
15
17
17
15
12
16
15
12
10
0c
09
07
05
0f
0f
0f
0f
0f
0f
0f
0f
1e
16
10
14
1b
1b
0f
16
15
12
10
0d
0a
08
07
0f
0f
0f
0f
0f
0f
0f
0f
1d
16
10
13
1b
1a
0f
15
14
12
11
0e
0c
0a
09
0f
0f
0f
0f
0f
0f
0f
0f
1d
15
0f
13
1a
19
0e
15
14
13
11
0f
0e
0d
0c
0f
0f
0f
0f
0f
0f
0f
0f
1b
14
0e
12
19
18
0d
14
14
13
12
11
10
10
0f
0f
0f
0f
0f
0f
0f
0f
0f
1a
13
0c
10
18
17
0b
13
13
13
13
12
13
13
13
0f
0f
0f
0f
0f
0f
0f
0f
19
11
0b
0f
17
16
0a
12
13
13
13
14
14
15
15
0f
0f
0f
0f
0f
0f
0f
0f
18
11
0b
0e
16
15
0a
12
13
13
14
14
15
16
16
0f
0f
0f
0f
0f
0f
0f
0f
18
10
0a
0e
15
15
09
16
18
1b
1d
1d
1b
18
16
13
13
12
11
0f
0e
0e
0d
0f
11
12
12
0f
0b
06
16
18
1b
1d
1d
1b
18
16
14
13
12
11
10
0f
0e
0d
0f
11
12
12
0f
0b
06
16
18
1b
1d
1d
1b
18
16
15
14
13
12
11
10
0f
0e
0f
11
12
12
0f
0b
06
16
18
1b
1d
1d
1b
18
16
16
15
14
13
12
11
10
0f
0f
11
12
12
0f
0b
06
16
18
1b
1d
1d
1b
18
16
17
17
15
14
13
12
11
10
0f
11
12
12
0f
0b
06
16
18
1b
1d
1d
1b
18
16
18
18
17
15
14
13
12
12
0f
11
12
12
0f
0b
06
16
18
1b
1d
1d
1b
18
16
19
18
17
16
15
14
13
12
0f
11
12
12
0f
0b
06
16
18
1b
1d
1d
1b
18
16
19
19
18
17
15
14
14
13
0f
11
12
12
0f
0b
06
18
17
17
16
19
1b
1e
20
1c
1b
1a
17
15
12
11
10
0c
0c
0b
0a
09
08
07
19
19
19
18
19
1a
1b
1c
1c
1b
19
17
15
12
10
0f
0c
0c
0b
0a
08
07
06
1b
1b
1b
1a
1a
19
17
17
1b
1a
18
16
14
11
0f
0e
0b
0b
0a
09
07
06
06
1b
1c
1d
1d
1b
19
15
13
1a
19
17
15
13
10
0e
0d
0a
0a
09
08
06
05
04
17
19
1d
1f
1e
1b
16
13
19
18
16
14
11
0f
0d
0c
09
09
08
06
05
04
03
0f
13
1b
20
21
1f
1a
16
18
17
15
13
10
0e
0c
0b
08
08
06
05
04
03
02
07
0d
18
20
24
23
1e
1a
17
16
14
12
10
0d
0b
0a
07
07
06
05
03
02
01
02
09
16
20
26
26
22
1e
17
15
14
12
0f
0d
0b
0a
07
06
05
04
03
02
01
05
07
0b
0e
13
17
1a
1c
1c
1b
19
16
12
0f
0d
0c
01
02
03
03
02
00
fd
04
06
09
0d
11
15
18
1a
15
14
12
0f
0c
09
07
06
03
04
04
04
02
01
ff
02
04
06
0a
0d
10
13
15
10
0f
0e
0b
09
07
05
04
06
06
05
03
02
01
01
ff
01
03
05
08
0b
0d
0e
13
13
11
10
0e
0d
0c
0b
08
07
04
01
00
00
01
fc
fd
ff
01
03
05
06
07
17
17
16
16
15
14
14
13
08
05
00
fc
fb
fd
00
fa
fa
fb
fd
fe
ff
00
01
12
12
11
11
11
11
11
11
06
01
fb
f5
f4
f7
fc
f8
f8
f8
fa
fa
fb
fb
fc
00
00
01
01
02
02
03
02
03
fd
f5
ef
ee
f2
f8
f7
f7
f7
f8
f8
f9
f9
f9
f1
f1
f1
f2
f3
f4
f4
f4
00
fa
f2
eb
ea
ee
f5
f9
f7
f4
f1
f0
f2
f5
f7
f3
f7
fe
03
03
ff
f9
f5
0e
05
f6
eb
e7
ed
f7
f9
f7
f4
f0
f0
f1
f3
f6
f5
f8
fe
02
01
fc
f6
f1
03
fe
f6
f0
ef
f2
f8
fa
f7
f4
f0
ee
f0
f1
f3
f7
fa
ff
01
ff
f9
f1
ec
f4
f5
f7
f8
f9
f9
f9
fb
f8
f3
ef
ed
ed
ef
f0
f9
fc
00
01
ff
f8
f0
ea
e9
ee
f6
fd
00
ff
fb
fb
f8
f3
ee
eb
eb
ec
ed
f9
fc
01
04
02
fc
f4
ef
e7
ec
f5
fd
01
00
fd
fc
f8
f3
ee
ea
e9
e9
ea
f8
fc
03
07
07
03
fd
f9
ef
f0
f3
f7
fa
fd
fe
fd
f9
f3
ed
e9
e7
e7
e8
f6
fc
04
0b
0e
0c
07
04
fb
f7
f1
ee
f0
f7
ff
fd
f9
f3
ed
e8
e6
e6
e6
f5
fb
05
0d
12
11
0e
0b
04
fc
f0
e9
e9
f3
00
04
fa
eb
e0
dd
e4
ef
f7
03
04
05
06
07
08
09
0a
03
fc
f1
e7
e3
e4
e9
fe
f6
ea
e1
e0
e8
f3
fa
03
04
05
06
07
08
09
0a
05
ff
f5
ec
e8
e9
ed
f4
ef
e8
e4
e6
ef
f9
00
03
04
05
06
07
08
09
0a
08
03
fa
f3
ef
f0
f3
e9
e8
e7
e8
ed
f6
fe
04
03
04
05
06
07
08
09
0a
0a
06
00
fa
f7
f8
f9
e2
e4
e8
ed
f4
fb
01
05
03
04
05
06
07
08
09
0a
09
07
03
00
fe
fd
fe
de
e3
ea
f2
fa
fe
01
02
03
04
05
06
07
08
09
0a
06
05
04
03
01
01
00
de
e4
ee
f7
fd
ff
fe
fd
03
04
05
06
07
08
09
0a
03
03
04
04
03
02
00
df
e6
f0
fa
ff
00
fc
fa
03
04
05
06
07
08
09
0a
00
01
03
04
03
02
ff
eb
ed
f1
f6
fc
01
05
07
05
05
05
05
05
05
05
05
00
00
00
00
00
00
00
f2
f4
f6
fa
fe
01
04
06
05
05
05
05
05
05
05
05
00
00
00
00
00
00
00
fc
fd
fe
ff
01
02
02
03
04
04
04
04
04
04
04
04
00
00
00
00
00
00
00
05
05
04
04
03
02
01
01
03
03
03
03
03
03
03
03
00
00
00
00
00
00
00
08
08
06
05
04
02
01
00
02
02
02
02
02
02
02
02
00
00
00
00
00
00
00
