06
06
06
06
06
06
06
06
05
06
07
08
09
0a
0b
0c
0c
0e
10
11
10
0c
08
06
06
06
06
06
06
06
06
05
06
07
08
09
0a
0b
0c
0c
0e
10
11
10
0c
08
06
06
06
06
06
06
06
06
05
06
07
08
09
0a
0b
0c
0c
0e
10
11
10
0c
08
06
06
06
06
06
06
06
06
05
06
07
08
09
0a
0b
0c
0c
0e
10
11
10
0c
08
06
06
06
06
06
06
06
06
05
06
07
08
09
0a
0b
0c
0c
0e
10
11
10
0c
08
06
06
06
06
06
06
06
06
05
06
07
08
09
0a
0b
0c
0c
0e
10
11
10
0c
08
06
06
06
06
06
06
06
06
05
06
07
08
09
0a
0b
0c
0c
0e
10
11
10
0c
08
06
06
06
06
06
06
06
06
05
06
07
08
09
0a
0b
0c
0c
0e
10
11
10
0c
08
01
02
02
04
05
06
07
07
03
04
06
09
0b
0d
0f
10
0c
0e
10
11
0f
0a
06
01
02
02
04
05
06
07
07
04
05
07
09
0c
0e
10
11
0d
0f
11
11
0f
0b
06
01
02
02
04
05
06
07
07
05
06
08
0a
0c
0f
10
11
10
11
12
12
10
0b
06
01
02
02
04
05
06
07
07
06
07
09
0b
0e
10
11
13
13
14
14
14
10
0b
05
01
02
02
04
05
06
07
07
07
08
0a
0c
0f
11
13
14
16
17
17
15
11
0b
05
01
02
02
04
05
06
07
07
08
09
0b
0d
10
12
14
15
19
19
19
17
12
0b
05
01
02
02
04
05
06
07
07
09
0a
0c
0e
11
13
15
16
1c
1b
1b
18
12
0b
04
01
02
02
04
05
06
07
07
09
0a
0c
0f
11
13
15
16
1d
1d
1b
18
13
0b
04
fe
ff
01
03
06
08
0a
0b
06
08
0a
0d
11
14
16
17
0f
11
12
12
0f
0b
06
fd
fe
00
02
05
07
09
0a
06
08
0a
0c
0f
12
14
15
0e
10
11
11
0e
0a
05
fb
fc
fe
00
03
05
07
08
06
07
09
0b
0d
10
11
12
0c
0e
0f
0f
0c
08
03
f9
fa
fc
fe
01
03
04
06
05
06
07
09
0b
0c
0d
0e
0a
0c
0d
0d
0a
06
01
f6
f7
f9
fb
fe
00
02
03
05
06
06
07
08
08
09
09
08
09
0a
0a
08
03
fe
f4
f5
f7
f9
fc
fe
00
01
05
05
05
05
05
05
05
05
05
07
08
08
05
01
fc
f2
f3
f5
f7
fa
fc
fe
ff
04
04
04
03
03
02
03
02
03
05
06
06
03
ff
fa
f1
f2
f4
f6
f9
fb
fd
fe
04
04
03
02
02
01
01
00
02
04
05
05
02
fe
f9
ed
ee
f1
f3
f3
f3
f2
f1
fd
fd
fe
ff
01
02
02
03
04
00
fc
f8
f6
f7
f8
ea
eb
ee
f0
f2
f3
f4
f4
fc
fc
fd
fe
00
01
02
02
02
ff
fb
f7
f5
f7
f8
e6
e7
ea
ec
f0
f3
f6
f7
fa
fa
fb
fd
fe
ff
00
00
00
fd
f9
f6
f5
f6
f8
e5
e5
e6
e7
ec
f0
f6
f9
f8
f8
f9
fa
fc
fd
fd
fe
fd
fa
f7
f4
f4
f6
f9
e6
e5
e3
e3
e6
ec
f3
f6
f5
f6
f7
f8
f9
fa
fb
fc
fa
f7
f5
f3
f3
f6
f9
ec
e8
e3
df
e1
e5
ed
f1
f3
f3
f4
f5
f7
f8
f9
f9
f7
f5
f3
f1
f3
f6
f9
f2
ec
e4
dd
dc
df
e6
ea
f1
f1
f2
f4
f5
f6
f7
f7
f4
f3
f1
f0
f2
f6
fa
f6
ef
e5
dc
d9
dc
e2
e6
f0
f0
f1
f3
f4
f5
f6
f6
f3
f2
f0
f0
f2
f6
fa
17
09
d4
d8
e1
da
ec
d2
e8
e9
eb
eb
eb
e9
e6
e5
fc
fd
fa
f3
ea
ec
f8
01
da
f7
e0
ec
08
d2
db
db
dd
e2
e8
ed
f2
f4
f5
fa
f8
f4
ed
e9
ef
fb
e0
e8
ea
fe
08
fc
ec
d3
cd
d0
d7
e0
e9
f3
fa
fe
de
e7
f5
01
04
00
f6
ee
07
eb
06
07
e8
fb
d9
cf
cf
d2
d6
dc
e4
ea
ee
ec
e9
ea
f2
fe
05
04
25
07
1b
f4
e7
fb
df
fc
e0
dd
d8
d4
d3
d4
d7
da
15
fa
de
d8
eb
08
1a
30
25
1c
ff
ec
f0
f8
0f
f8
f2
e9
e0
dc
db
dd
e0
fc
f4
f5
0a
24
29
14
0b
30
10
21
10
ef
22
16
0a
05
fe
f8
f7
fc
03
08
f6
f8
08
2c
4a
41
13
f3
ff
33
2d
21
25
12
2b
12
0f
0b
0b
10
1b
27
2f
3b
18
f7
fa
19
32
30
1b
2c
36
11
55
2c
2f
3d
21
2a
58
d9
e0
48
fe
09
0e
2a
03
37
43
2d
49
10
10
16
26
1c
28
27
24
1f
06
23
e9
c3
0c
16
ee
2f
dc
12
3f
12
1d
31
19
0d
0f
49
03
38
34
24
14
32
f2
d8
f4
ee
fa
16
f5
3f
15
fc
fa
06
31
2d
29
2e
52
2d
4d
4c
43
47
1b
fb
0a
f9
ee
1d
2d
08
5e
36
09
c4
ec
5d
26
34
3e
29
5b
42
46
4f
4d
03
00
08
f7
f1
01
2f
4a
40
55
26
d9
f5
1d
0b
21
2e
04
57
28
2e
3f
1c
05
e9
dc
f6
de
c3
13
31
63
44
22
11
0b
17
0e
17
21
20
37
32
35
3a
18
f5
e5
03
d9
c4
f6
d5
10
31
1e
47
14
19
6d
29
21
27
5c
24
55
53
47
07
3f
e5
09
0b
c9
01
da
04
e8
fb
3e
51
38
23
fe
1c
42
54
4e
39
28
1e
04
fe
f6
ed
e8
e6
e6
e7
ec
ee
04
32
5a
5a
31
0c
26
44
50
46
30
1f
17
03
fe
f6
ee
e9
e7
e7
e8
ef
ed
fc
22
47
4b
2b
22
35
48
49
37
21
11
0c
01
fd
f7
f1
ec
e9
e8
e8
f2
eb
f0
09
27
31
21
3a
44
49
3e
26
10
04
03
fe
fc
f8
f3
f0
ec
ea
e9
f6
eb
e6
f1
07
16
14
4c
4d
46
30
14
02
fd
01
fb
fa
f9
f7
f3
f0
ec
ea
f7
ed
e2
e4
f1
00
09
56
50
3f
22
06
f8
fc
06
f8
f9
fa
f9
f7
f3
ee
eb
f7
f0
e7
e2
e6
f3
01
59
4e
38
17
fb
f4
ff
0e
f6
f8
fb
fc
fa
f5
ef
ec
f5
f4
ee
e8
e6
ed
fc
59
4c
33
11
f6
f2
03
14
f5
f8
fc
fd
fb
f6
f0
ec
f4
f6
f4
ee
e8
ec
f9
2f
26
16
08
fe
fa
fa
fc
fa
f9
f9
f8
f6
f5
f4
f4
e3
ed
f5
f2
e9
e7
ee
26
1e
11
05
fc
fa
fb
fd
f9
f8
f8
f6
f5
f4
f3
f3
e2
ec
f4
f1
e9
e6
ee
18
12
08
00
fa
fa
fc
ff
f8
f7
f6
f5
f4
f3
f2
f1
e2
eb
f4
f1
e8
e5
ed
0a
06
01
fc
f9
fb
fd
ff
f8
f7
f6
f5
f4
f3
f2
f1
e3
ed
f5
f2
e9
e7
ee
01
ff
fd
fb
fa
fb
fd
fe
fa
fa
f9
f8
f6
f5
f4
f4
e7
f0
f8
f6
ed
ea
f2
