04
04
04
04
04
04
04
04
06
06
06
06
06
06
06
06
08
08
08
08
08
08
08
08
07
07
08
09
0a
0c
0d
0d
0b
0b
0b
0b
0b
0b
0b
0b
0b
0c
0d
0d
0b
06
04
04
04
04
04
04
04
04
06
06
06
06
06
06
06
06
08
08
08
08
08
08
08
08
07
08
08
0a
0b
0c
0d
0d
0c
0c
0c
0c
0c
0c
0c
0c
0b
0c
0d
0d
0b
06
04
04
04
04
04
04
04
04
06
06
06
06
06
06
06
06
08
08
08
08
08
08
08
08
08
09
09
0a
0c
0d
0e
0e
0d
0d
0d
0d
0d
0d
0d
0d
0b
0c
0d
0d
0b
06
04
04
04
04
04
04
04
04
06
06
06
06
06
06
06
06
08
08
08
08
08
08
08
08
09
0a
0a
0b
0d
0e
0f
0f
10
10
10
10
10
10
10
10
0b
0c
0d
0d
0b
06
04
04
04
04
04
04
04
04
06
06
06
06
06
06
06
06
08
08
08
08
08
08
08
08
0a
0b
0c
0d
0e
0f
10
10
12
12
12
12
12
12
12
12
0b
0c
0d
0d
0b
06
04
04
04
04
04
04
04
04
06
06
06
06
06
06
06
06
08
08
08
08
08
08
08
08
0b
0c
0d
0e
0f
10
11
12
15
15
15
15
15
15
15
15
0b
0c
0d
0d
0b
06
04
04
04
04
04
04
04
04
06
06
06
06
06
06
06
06
08
08
08
08
08
08
08
08
0c
0d
0d
0f
10
11
12
12
16
16
16
16
16
16
16
16
0b
0c
0d
0d
0b
06
04
04
04
04
04
04
04
04
06
06
06
06
06
06
06
06
08
08
08
08
08
08
08
08
0c
0d
0e
0f
10
11
12
13
17
17
17
17
17
17
17
17
0b
0c
0d
0d
0b
06
02
02
01
01
00
01
00
00
ff
ff
00
01
03
04
05
05
05
06
07
08
09
0a
0b
0c
0d
0e
0f
10
11
12
13
14
15
15
14
13
11
10
10
0f
0e
0e
0f
0e
0c
09
fd
fd
fd
fe
ff
00
00
00
ff
00
01
02
03
04
05
06
06
06
07
08
0a
0b
0b
0c
0b
0c
0d
0e
0f
10
11
12
11
11
10
0f
0d
0c
0c
0b
0a
0a
0a
09
08
05
f5
f5
f7
f9
fb
fd
ff
ff
ff
ff
00
01
03
04
05
05
05
06
07
08
09
0a
0b
0c
08
09
09
0a
0c
0d
0e
0e
0b
0a
09
08
07
06
05
04
05
04
03
02
01
00
ed
ee
f0
f3
f6
f8
fa
fb
fd
fd
fe
ff
00
02
02
03
03
04
04
05
07
08
09
09
04
04
05
06
07
08
0a
0a
04
03
03
02
00
ff
fe
fe
00
fe
fc
fa
f9
fb
e9
ea
eb
ed
ef
f1
f2
f3
f8
f8
f9
fa
fc
fd
fd
fe
fe
ff
ff
01
02
03
04
04
ff
ff
00
01
03
04
05
05
ff
fe
fe
fd
fb
fa
fa
f9
fc
f9
f6
f3
f3
f7
e9
e9
e9
e8
e8
e8
e8
e8
f1
f1
f2
f4
f5
f6
f7
f7
f7
f8
f9
fa
fb
fc
fd
fe
fa
fb
fc
fd
fe
ff
00
00
fd
fc
fb
fa
f9
f8
f7
f6
fc
f7
f3
ef
f0
f6
ea
ea
e8
e5
e2
e0
de
dd
eb
eb
ec
ed
ee
ef
f0
f1
f1
f2
f2
f3
f5
f6
f7
f7
f7
f7
f8
f9
fb
fc
fd
fd
fc
fc
fb
fa
f9
f7
f7
f6
fc
f7
f2
ee
ef
f7
ec
eb
e8
e4
df
db
d8
d7
e6
e7
e8
e9
ea
eb
ec
ed
ed
ee
ee
ef
f1
f2
f3
f3
f5
f6
f6
f7
f9
fa
fb
fb
fd
fc
fb
fa
f9
f8
f7
f6
fd
f8
f1
ee
ef
f7
fe
0c
eb
f1
cd
f2
e2
e5
e8
ea
ec
ec
e7
e0
d8
d3
d7
dd
e7
ee
ef
ea
e2
db
08
fe
ec
01
15
e4
cb
00
f1
fa
02
00
f9
f9
04
10
e7
eb
1c
03
ea
f0
fb
eb
0a
01
1a
e3
e7
dc
e9
eb
ee
ee
eb
e6
e0
dc
e0
dc
d8
d7
dc
e5
f0
f6
e7
ce
df
eb
da
ee
0b
fb
df
ef
ff
01
f5
e7
e2
e3
d9
fc
f3
0f
0d
f9
2b
01
04
ef
09
e2
03
14
f3
f5
f8
fa
fa
f7
f4
f3
f3
e7
d7
ce
d3
e5
fb
0a
d0
c6
df
e9
d9
f2
08
ea
f5
f7
f7
ee
e7
ed
00
11
ec
fd
e5
04
12
02
ee
35
27
11
f2
3d
1f
ed
0b
0c
0e
11
13
14
14
14
0c
03
f7
ed
ea
ee
f6
fc
dd
04
fb
ed
04
fc
df
e5
d9
f6
1a
30
32
2a
24
23
3d
16
22
12
1e
2c
27
04
fa
54
37
16
f8
32
27
27
28
2a
2c
30
32
34
22
23
23
1e
10
fc
e8
db
f8
44
1d
bf
d8
22
26
08
1a
20
22
1c
17
1e
31
43
5e
36
41
2f
3a
47
1f
22
30
ff
20
21
42
2b
37
36
35
35
37
3b
3f
42
2b
31
36
32
1f
00
e0
cc
e7
c0
f7
4b
3f
17
16
18
10
25
3c
3f
2c
0f
f9
ef
08
17
fc
17
21
0c
fa
0e
3c
29
4b
32
34
0e
38
36
32
30
31
34
39
3c
28
27
24
1b
0c
f9
e7
dc
ec
ea
ef
d3
c9
11
44
23
26
2e
33
2c
1e
14
17
1d
dc
fe
ef
04
fc
e1
17
1b
0c
39
21
36
24
3b
33
2f
2a
26
26
29
2e
31
21
17
09
fa
f1
ef
f3
f5
e0
d2
cc
f9
15
db
c2
00
02
1b
3a
4d
50
4f
51
55
1f
20
4b
2a
09
07
16
1b
21
2b
34
3d
44
48
4d
49
41
37
2c
22
1b
16
04
04
02
00
fe
fd
fb
fb
ea
e4
dc
d7
d7
dc
e4
ea
f0
ea
e4
e8
f8
13
2f
41
41
4c
58
5b
4c
2d
2d
30
33
38
3c
41
45
47
32
2f
29
21
19
11
0b
07
01
01
00
fe
fc
fb
fa
f9
f4
ef
e8
e2
e2
e8
ef
f4
f1
ec
e5
e4
ea
f8
07
12
20
29
35
3b
36
26
45
45
43
42
40
3e
3d
3c
11
0e
0b
07
02
fd
f9
f7
fd
fd
fc
fb
fa
f9
f8
f7
fc
f8
f2
ed
ed
f2
f8
fc
ee
ec
e7
e3
e0
de
dd
de
fa
ff
07
0e
12
14
4a
47
42
3b
33
2c
27
24
fc
fb
fa
f9
f8
f6
f5
f5
f9
f9
f9
f8
f8
f7
f7
f7
f9
f6
f2
ef
ef
f2
f6
f9
e7
e9
eb
e9
e4
dd
d4
cf
eb
e9
e7
e9
ef
f9
36
33
2c
24
1b
12
0c
08
f8
f9
f9
fa
fb
fc
fd
fd
f7
f7
f7
f8
f8
f9
f9
f9
f1
ef
ed
eb
eb
ed
ef
f1
e1
e6
ee
f3
f3
ef
e8
e4
f4
ec
e1
d9
da
e3
19
16
11
0c
05
ff
fb
f8
fc
fd
fe
00
02
03
04
05
f7
f8
f9
fa
fb
fc
fd
fd
ee
ee
ee
ed
ed
ee
ee
ee
e6
ea
f1
f7
fc
fd
fd
fc
01
f8
ea
de
db
e0
01
00
ff
fd
fb
fa
f9
f8
fd
fd
fe
00
02
03
04
05
f9
fa
fb
fc
fe
00
01
01
f6
f7
f8
f8
f8
f8
f7
f6
f6
f4
f3
f3
f6
f9
fe
00
03
fc
f3
ec
eb
f0
